<html>
<body>
<pre>
<h1>µVision Build Log</h1>
<h2>Tool Versions:</h2>
IDE-Version: ¦ÌVision V5.38.0.0
Copyright (C) 2022 ARM Ltd and ARM Germany GmbH. All rights reserved.
License Information: Kingham XU, XU, LIC=R4HV2-9G9ZK-JP0ZQ-NHA7P-4TU5R-YH3XF
 
Tool Versions:
Toolchain:       MDK-ARM Professional  Version: 5.38.0.0
Toolchain Path:  D:\softwares\KEIL5MDK\ARM\ARMCC\Bin
C Compiler:      Armcc.exe V5.06 update 7 for Certification (build 960)
Assembler:       Armasm.exe V5.06 update 7 for Certification (build 960)
Linker/Locator:  ArmLink.exe V5.06 update 7 for Certification (build 960)
Library Manager: ArmAr.exe V5.06 update 7 for Certification (build 960)
Hex Converter:   FromElf.exe V5.06 update 7 for Certification (build 960)
CPU DLL:         SARMCM3.DLL V5.38.0.0
Dialog DLL:      DARMCM1.DLL V1.19.6.0
Target DLL:      STLink\ST-LINKIII-KEIL_SWO.dll V3.1.0.0
Dialog DLL:      TARMCM1.DLL V1.14.6.0
 
<h2>Project:</h2>
D:\projects\programs\STM32_Programs\L051_programs\K8U6\OV_CardV1_LP\MDK-ARM\OV_CardV1.uvprojx
Project File Date:  08/09/2023

<h2>Output:</h2>
*** Using Compiler 'V5.06 update 7 for Certification (build 960)', folder: 'D:\softwares\KEIL5MDK\ARM\ARMCC\Bin'
Build target 'OV_CardV1'
compiling main.c...
..\BSP\RC522\RC522.h(157): warning:  #1-D: last line of file ends without a newline
  #endif
../Core/Src/main.c: 1 warning, 0 errors
linking...
Program Size: Code=8048 RO-data=252 RW-data=56 ZI-data=1656  
FromELF: creating hex file...
"OV_CardV1\OV_CardV1.axf" - 0 Error(s), 1 Warning(s).

<h2>Software Packages used:</h2>

Package Vendor: ARM
                http://www.keil.com/pack/ARM.CMSIS.5.9.0.pack
                ARM.CMSIS.5.9.0
                CMSIS (Common Microcontroller Software Interface Standard)
   * Component: CORE Version: 5.6.0

Package Vendor: Keil
                http://www.keil.com/pack/Keil.STM32L0xx_DFP.2.2.0.pack
                Keil.STM32L0xx_DFP.2.2.0
                STMicroelectronics STM32L0 Series Device Support, Drivers and Examples

<h2>Collection of Component include folders:</h2>
  ./RTE/_OV_CardV1
  D:/softwares/KEIL5MDK/packs/ARM/CMSIS/5.9.0/CMSIS/Core/Include
  D:/softwares/KEIL5MDK/packs/Keil/STM32L0xx_DFP/2.2.0/Drivers/CMSIS/Device/ST/STM32L0xx/Include

<h2>Collection of Component Files used:</h2>

   * Component: ARM::CMSIS:CORE:5.6.0
      Include file:  CMSIS/Core/Include/tz_context.h
Build Time Elapsed:  00:00:01
</pre>
</body>
</html>
