Component: ARM Compiler 5.06 update 7 for Certification (build 960) Tool: armlink [4d3601]

==============================================================================

Section Cross References

    startup_stm32l051xx.o(RESET) refers to startup_stm32l051xx.o(STACK) for __initial_sp
    startup_stm32l051xx.o(RESET) refers to startup_stm32l051xx.o(.text) for Reset_Handler
    startup_stm32l051xx.o(RESET) refers to stm32l0xx_it.o(i.NMI_Handler) for NMI_Handler
    startup_stm32l051xx.o(RESET) refers to stm32l0xx_it.o(i.HardFault_Handler) for HardFault_Handler
    startup_stm32l051xx.o(RESET) refers to stm32l0xx_it.o(i.SVC_Handler) for SVC_Handler
    startup_stm32l051xx.o(RESET) refers to stm32l0xx_it.o(i.PendSV_Handler) for PendSV_Handler
    startup_stm32l051xx.o(RESET) refers to stm32l0xx_it.o(i.SysTick_Handler) for SysTick_Handler
    startup_stm32l051xx.o(RESET) refers to stm32l0xx_it.o(i.PVD_IRQHandler) for PVD_IRQHandler
    startup_stm32l051xx.o(.text) refers to system_stm32l0xx.o(i.SystemInit) for SystemInit
    startup_stm32l051xx.o(.text) refers to entry.o(.ARM.Collect$$$$00000000) for __main
    main.o(i.SystemClock_Config) refers to memseta.o(.text) for __aeabi_memclr4
    main.o(i.SystemClock_Config) refers to stm32l0xx_hal_rcc.o(i.HAL_RCC_OscConfig) for HAL_RCC_OscConfig
    main.o(i.SystemClock_Config) refers to stm32l0xx_hal_rcc.o(i.HAL_RCC_ClockConfig) for HAL_RCC_ClockConfig
    main.o(i.main) refers to stm32l0xx_hal.o(i.HAL_Init) for HAL_Init
    main.o(i.main) refers to main.o(i.SystemClock_Config) for SystemClock_Config
    main.o(i.main) refers to gpio.o(i.MX_GPIO_Init) for MX_GPIO_Init
    main.o(i.main) refers to spi.o(i.MX_SPI1_Init) for MX_SPI1_Init
    main.o(i.main) refers to key.o(i.key_port_init) for key_port_init
    main.o(i.main) refers to rc522.o(i.RC522_Port_Init) for RC522_Port_Init
    main.o(i.main) refers to rc522.o(i.RC522_PowerOff) for RC522_PowerOff
    main.o(i.main) refers to eeprom.o(i.EEPROM_Read_W_CHECK) for EEPROM_Read_W_CHECK
    main.o(i.main) refers to eeprom.o(i.EEPROM_Write_W_CHECK) for EEPROM_Write_W_CHECK
    main.o(i.main) refers to dev_config.o(i.DEV_Module_Init) for DEV_Module_Init
    main.o(i.main) refers to epd_1in54_v2.o(i.EPD_1IN54_V2_Init) for EPD_1IN54_V2_Init
    main.o(i.main) refers to epd_1in54_v2.o(i.EPD_1IN54_V2_Clear) for EPD_1IN54_V2_Clear
    main.o(i.main) refers to epd_1in54_v2.o(i.EPD_1IN54_V2_Display) for EPD_1IN54_V2_Display
    main.o(i.main) refers to epd_1in54_v2.o(i.EPD_1IN54_V2_Init_Partial) for EPD_1IN54_V2_Init_Partial
    main.o(i.main) refers to epd_1in54_v2.o(i.User_EPD_Display_Part) for User_EPD_Display_Part
    main.o(i.main) refers to epd_1in54_v2.o(i.EPD_1IN54_V2_TurnOnDisplayPart) for EPD_1IN54_V2_TurnOnDisplayPart
    main.o(i.main) refers to epd_1in54_v2.o(i.EPD_1IN54_V2_Sleep) for EPD_1IN54_V2_Sleep
    main.o(i.main) refers to dev_config.o(i.DEV_Module_Exit) for DEV_Module_Exit
    main.o(i.main) refers to stm32l0xx_hal_gpio.o(i.HAL_GPIO_WritePin) for HAL_GPIO_WritePin
    main.o(i.main) refers to key.o(i.KeyScan) for KeyScan
    main.o(i.main) refers to stm32l0xx_hal_gpio.o(i.HAL_GPIO_ReadPin) for HAL_GPIO_ReadPin
    main.o(i.main) refers to rc522.o(i.RC522_Init) for RC522_Init
    main.o(i.main) refers to rc522.o(i.PcdRequest) for PcdRequest
    main.o(i.main) refers to rc522.o(i.PcdAnticoll) for PcdAnticoll
    main.o(i.main) refers to rc522.o(i.PcdSelect) for PcdSelect
    main.o(i.main) refers to rc522.o(i.PcdAuthState) for PcdAuthState
    main.o(i.main) refers to rc522.o(i.PcdWrite) for PcdWrite
    main.o(i.main) refers to rc522.o(i.PcdRead) for PcdRead
    main.o(i.main) refers to main.o(.data) for .data
    main.o(i.main) refers to usergui.o(.constdata) for gImage_MainPic
    main.o(i.main) refers to usergui.o(.constdata) for gImage_PointerPic
    gpio.o(i.MX_GPIO_Init) refers to memseta.o(.text) for __aeabi_memclr4
    gpio.o(i.MX_GPIO_Init) refers to stm32l0xx_hal_gpio.o(i.HAL_GPIO_WritePin) for HAL_GPIO_WritePin
    gpio.o(i.MX_GPIO_Init) refers to stm32l0xx_hal_gpio.o(i.HAL_GPIO_Init) for HAL_GPIO_Init
    spi.o(i.HAL_SPI_MspDeInit) refers to stm32l0xx_hal_gpio.o(i.HAL_GPIO_DeInit) for HAL_GPIO_DeInit
    spi.o(i.HAL_SPI_MspInit) refers to memseta.o(.text) for __aeabi_memclr4
    spi.o(i.HAL_SPI_MspInit) refers to stm32l0xx_hal_gpio.o(i.HAL_GPIO_Init) for HAL_GPIO_Init
    spi.o(i.MX_SPI1_Init) refers to stm32l0xx_hal_spi.o(i.HAL_SPI_Init) for HAL_SPI_Init
    spi.o(i.MX_SPI1_Init) refers to main.o(i.Error_Handler) for Error_Handler
    spi.o(i.MX_SPI1_Init) refers to spi.o(.bss) for .bss
    stm32l0xx_it.o(i.PVD_IRQHandler) refers to stm32l0xx_hal_pwr.o(i.HAL_PWR_PVD_IRQHandler) for HAL_PWR_PVD_IRQHandler
    stm32l0xx_it.o(i.SysTick_Handler) refers to stm32l0xx_hal.o(i.HAL_IncTick) for HAL_IncTick
    stm32l0xx_hal_msp.o(i.HAL_MspInit) refers to stm32l0xx_hal_cortex.o(i.HAL_NVIC_SetPriority) for HAL_NVIC_SetPriority
[...]
    malloca.o(i.__malloc$memalign) refers to malloca.o(i.__aligned_malloc) for __aligned_malloc
    mallocra.o(i.__aligned_malloc$realloc) refers to mallocra.o(i.internal_alloc) for internal_alloc
    mallocra.o(i.__aligned_malloc$realloc) refers to startup_stm32l051xx.o(HEAP) for __heap_base
    mallocra.o(i.__aligned_malloc$realloc) refers to mvars.o(.data) for __microlib_freelist
    mallocra.o(i.__aligned_malloc$realloc) refers to mvars.o(.data) for __microlib_freelist_initialised
    mallocra.o(i.__free$realloc$memalign) refers to mvars.o(.data) for __microlib_freelist
    mallocra.o(i.__malloc$realloc$memalign) refers to mallocra.o(i.__aligned_malloc$realloc) for __aligned_malloc$realloc
    mallocra.o(i.__realloc$memalign) refers to mallocra.o(i.__free$realloc$memalign) for __free$realloc$memalign
    mallocra.o(i.__realloc$memalign) refers to mallocra.o(i.internal_alloc) for internal_alloc
    mallocra.o(i.__realloc$memalign) refers to mallocra.o(i.__malloc$realloc$memalign) for __malloc$realloc$memalign
    mallocra.o(i.__realloc$memalign) refers to mvars.o(.data) for __microlib_freelist
    mallocra.o(i.internal_alloc) refers to memcpya.o(.text) for __aeabi_memcpy
    mallocra.o(i.internal_alloc) refers to mvars.o(.data) for __microlib_freelist
    entry2.o(.ARM.Collect$$$$00000001) refers to entry2.o(.ARM.Collect$$$$00002712) for __lit__00000000
    entry2.o(.ARM.Collect$$$$00002712) refers to startup_stm32l051xx.o(STACK) for __initial_sp
    entry2.o(__vectab_stack_and_reset_area) refers to startup_stm32l051xx.o(STACK) for __initial_sp
    entry2.o(__vectab_stack_and_reset_area) refers to entry.o(.ARM.Collect$$$$00000000) for __main
    entry5.o(.ARM.Collect$$$$00000004) refers to init.o(.text) for __scatterload
    entry9a.o(.ARM.Collect$$$$0000000B) refers to main.o(i.main) for main
    entry9b.o(.ARM.Collect$$$$0000000C) refers to main.o(i.main) for main
    dadd.o(.text) refers to llshl.o(.text) for __aeabi_llsl
    dadd.o(.text) refers to llsshr.o(.text) for __aeabi_lasr
    dadd.o(.text) refers to depilogue.o(.text) for _double_epilogue
    dmul.o(.text) refers to depilogue.o(.text) for _double_epilogue
    ddiv.o(.text) refers to depilogue.o(.text) for _double_round
    dfixul.o(.text) refers to llushr.o(.text) for __aeabi_llsr
    dfixul.o(.text) refers to llshl.o(.text) for __aeabi_llsl
    init.o(.text) refers to entry5.o(.ARM.Collect$$$$00000004) for __main_after_scatterload
    depilogue.o(.text) refers to depilogue.o(i.__ARM_clz) for __ARM_clz
    depilogue.o(.text) refers to llshl.o(.text) for __aeabi_llsl
    depilogue.o(.text) refers to llushr.o(.text) for __aeabi_llsr


==============================================================================

Removing Unused input sections from the image.

    Removing main.o(.rev16_text), (4 bytes).
    Removing main.o(.revsh_text), (4 bytes).
    Removing gpio.o(.rev16_text), (4 bytes).
    Removing gpio.o(.revsh_text), (4 bytes).
    Removing spi.o(.rev16_text), (4 bytes).
    Removing spi.o(.revsh_text), (4 bytes).
    Removing spi.o(i.HAL_SPI_MspDeInit), (40 bytes).
    Removing stm32l0xx_it.o(.rev16_text), (4 bytes).
    Removing stm32l0xx_it.o(.revsh_text), (4 bytes).
    Removing stm32l0xx_hal_msp.o(.rev16_text), (4 bytes).
    Removing stm32l0xx_hal_msp.o(.revsh_text), (4 bytes).
    Removing eeprom.o(.rev16_text), (4 bytes).
    Removing eeprom.o(.revsh_text), (4 bytes).
    Removing eeprom.o(i.EEPROM_Clear_W_CHECK), (42 bytes).
    Removing key.o(.rev16_text), (4 bytes).
    Removing key.o(.revsh_text), (4 bytes).
    Removing rc522.o(.rev16_text), (4 bytes).
    Removing rc522.o(.revsh_text), (4 bytes).
    Removing rc522.o(i.PcdAntennaOff), (12 bytes).
    Removing rc522.o(i.PcdAntennaOn), (22 bytes).
    Removing rc522.o(i.PcdHalt), (46 bytes).
    Removing rc522.o(i.WaitCardOff), (52 bytes).
    Removing soft_spi.o(.rev16_text), (4 bytes).
    Removing soft_spi.o(.revsh_text), (4 bytes).
    Removing epd_1in54_v2.o(.rev16_text), (4 bytes).
    Removing epd_1in54_v2.o(.revsh_text), (4 bytes).
    Removing epd_1in54_v2.o(i.EPD_1IN54_V2_DisplayPart), (60 bytes).
    Removing epd_1in54_v2.o(i.EPD_1IN54_V2_DisplayPartBaseImage), (108 bytes).
    Removing epd_1in54_v2.o(i.User_EPD_Clear_Part), (108 bytes).
    Removing dev_config.o(.rev16_text), (4 bytes).
    Removing dev_config.o(.revsh_text), (4 bytes).
    Removing stm32l0xx_hal_spi.o(.rev16_text), (4 bytes).
    Removing stm32l0xx_hal_spi.o(.revsh_text), (4 bytes).
    Removing stm32l0xx_hal_spi.o(i.HAL_SPI_Abort), (292 bytes).
    Removing stm32l0xx_hal_spi.o(i.HAL_SPI_AbortCpltCallback), (2 bytes).
    Removing stm32l0xx_hal_spi.o(i.HAL_SPI_Abort_IT), (308 bytes).
    Removing stm32l0xx_hal_spi.o(i.HAL_SPI_DMAPause), (34 bytes).
    Removing stm32l0xx_hal_spi.o(i.HAL_SPI_DMAResume), (34 bytes).
    Removing stm32l0xx_hal_spi.o(i.HAL_SPI_DMAStop), (72 bytes).
    Removing stm32l0xx_hal_spi.o(i.HAL_SPI_DeInit), (48 bytes).
    Removing stm32l0xx_hal_spi.o(i.HAL_SPI_ErrorCallback), (2 bytes).
    Removing stm32l0xx_hal_spi.o(i.HAL_SPI_GetError), (4 bytes).
    Removing stm32l0xx_hal_spi.o(i.HAL_SPI_GetState), (6 bytes).
    Removing stm32l0xx_hal_spi.o(i.HAL_SPI_IRQHandler), (248 bytes).
    Removing stm32l0xx_hal_spi.o(i.HAL_SPI_MspDeInit), (2 bytes).
    Removing stm32l0xx_hal_spi.o(i.HAL_SPI_MspInit), (2 bytes).
    Removing stm32l0xx_hal_spi.o(i.HAL_SPI_Receive), (334 bytes).
    Removing stm32l0xx_hal_spi.o(i.HAL_SPI_Receive_DMA), (228 bytes).
    Removing stm32l0xx_hal_spi.o(i.HAL_SPI_Receive_IT), (180 bytes).
    Removing stm32l0xx_hal_spi.o(i.HAL_SPI_RxCpltCallback), (2 bytes).
    Removing stm32l0xx_hal_spi.o(i.HAL_SPI_RxHalfCpltCallback), (2 bytes).
    Removing stm32l0xx_hal_spi.o(i.HAL_SPI_TransmitReceive), (496 bytes).
    Removing stm32l0xx_hal_spi.o(i.HAL_SPI_TransmitReceive_DMA), (284 bytes).
    Removing stm32l0xx_hal_spi.o(i.HAL_SPI_TransmitReceive_IT), (176 bytes).
    Removing stm32l0xx_hal_spi.o(i.HAL_SPI_Transmit_DMA), (204 bytes).
    Removing stm32l0xx_hal_spi.o(i.HAL_SPI_Transmit_IT), (148 bytes).
    Removing stm32l0xx_hal_spi.o(i.HAL_SPI_TxCpltCallback), (2 bytes).
    Removing stm32l0xx_hal_spi.o(i.HAL_SPI_TxHalfCpltCallback), (2 bytes).
    Removing stm32l0xx_hal_spi.o(i.HAL_SPI_TxRxCpltCallback), (2 bytes).
    Removing stm32l0xx_hal_spi.o(i.HAL_SPI_TxRxHalfCpltCallback), (2 bytes).
    Removing stm32l0xx_hal_spi.o(i.SPI_2linesRxISR_16BIT), (50 bytes).
    Removing stm32l0xx_hal_spi.o(i.SPI_2linesRxISR_8BIT), (50 bytes).
    Removing stm32l0xx_hal_spi.o(i.SPI_2linesTxISR_16BIT), (50 bytes).
    Removing stm32l0xx_hal_spi.o(i.SPI_2linesTxISR_8BIT), (50 bytes).
    Removing stm32l0xx_hal_spi.o(i.SPI_AbortRx_ISR), (92 bytes).
    Removing stm32l0xx_hal_spi.o(i.SPI_AbortTx_ISR), (28 bytes).
    Removing stm32l0xx_hal_spi.o(i.SPI_CloseRxTx_ISR), (148 bytes).
    Removing stm32l0xx_hal_spi.o(i.SPI_CloseRx_ISR), (80 bytes).
    Removing stm32l0xx_hal_spi.o(i.SPI_CloseTx_ISR), (132 bytes).
    Removing stm32l0xx_hal_spi.o(i.SPI_DMAAbortOnError), (16 bytes).
    Removing stm32l0xx_hal_spi.o(i.SPI_DMAError), (34 bytes).
    Removing stm32l0xx_hal_spi.o(i.SPI_DMAHalfReceiveCplt), (10 bytes).
    Removing stm32l0xx_hal_spi.o(i.SPI_DMAHalfTransmitCplt), (10 bytes).
    Removing stm32l0xx_hal_spi.o(i.SPI_DMAHalfTransmitReceiveCplt), (10 bytes).
    Removing stm32l0xx_hal_spi.o(i.SPI_DMAReceiveCplt), (110 bytes).
    Removing stm32l0xx_hal_spi.o(i.SPI_DMARxAbortCallback), (104 bytes).
    Removing stm32l0xx_hal_spi.o(i.SPI_DMATransmitCplt), (104 bytes).
    Removing stm32l0xx_hal_spi.o(i.SPI_DMATransmitReceiveCplt), (92 bytes).
    Removing stm32l0xx_hal_spi.o(i.SPI_DMATxAbortCallback), (124 bytes).
    Removing stm32l0xx_hal_spi.o(i.SPI_EndRxTransaction), (92 bytes).
    Removing stm32l0xx_hal_spi.o(i.SPI_RxISR_16BIT), (34 bytes).
    Removing stm32l0xx_hal_spi.o(i.SPI_RxISR_8BIT), (34 bytes).
    Removing stm32l0xx_hal_spi.o(i.SPI_TxISR_16BIT), (34 bytes).
    Removing stm32l0xx_hal_spi.o(i.SPI_TxISR_8BIT), (34 bytes).
    Removing stm32l0xx_hal.o(.rev16_text), (4 bytes).
    Removing stm32l0xx_hal.o(.revsh_text), (4 bytes).
    Removing stm32l0xx_hal.o(i.HAL_DBGMCU_DBG_DisableLowPowerConfig), (16 bytes).
    Removing stm32l0xx_hal.o(i.HAL_DBGMCU_DBG_EnableLowPowerConfig), (16 bytes).
    Removing stm32l0xx_hal.o(i.HAL_DBGMCU_DisableDBGSleepMode), (16 bytes).
    Removing stm32l0xx_hal.o(i.HAL_DBGMCU_DisableDBGStandbyMode), (16 bytes).
    Removing stm32l0xx_hal.o(i.HAL_DBGMCU_DisableDBGStopMode), (16 bytes).
    Removing stm32l0xx_hal.o(i.HAL_DBGMCU_EnableDBGSleepMode), (16 bytes).
    Removing stm32l0xx_hal.o(i.HAL_DBGMCU_EnableDBGStandbyMode), (16 bytes).
    Removing stm32l0xx_hal.o(i.HAL_DBGMCU_EnableDBGStopMode), (16 bytes).
    Removing stm32l0xx_hal.o(i.HAL_DeInit), (40 bytes).
    Removing stm32l0xx_hal.o(i.HAL_GetDEVID), (16 bytes).
    Removing stm32l0xx_hal.o(i.HAL_GetHalVersion), (8 bytes).
    Removing stm32l0xx_hal.o(i.HAL_GetREVID), (12 bytes).
    Removing stm32l0xx_hal.o(i.HAL_GetTickFreq), (12 bytes).
    Removing stm32l0xx_hal.o(i.HAL_GetTickPrio), (12 bytes).
    Removing stm32l0xx_hal.o(i.HAL_GetUIDw0), (12 bytes).
    Removing stm32l0xx_hal.o(i.HAL_GetUIDw1), (12 bytes).
    Removing stm32l0xx_hal.o(i.HAL_GetUIDw2), (12 bytes).
    Removing stm32l0xx_hal.o(i.HAL_MspDeInit), (2 bytes).
    Removing stm32l0xx_hal.o(i.HAL_MspInit), (2 bytes).
    Removing stm32l0xx_hal.o(i.HAL_ResumeTick), (16 bytes).
    Removing stm32l0xx_hal.o(i.HAL_SYSCFG_Disable_Lock_VREFINT), (16 bytes).
    Removing stm32l0xx_hal.o(i.HAL_SYSCFG_Enable_Lock_VREFINT), (16 bytes).
    Removing stm32l0xx_hal.o(i.HAL_SYSCFG_GetBootMode), (16 bytes).
    Removing stm32l0xx_hal.o(i.HAL_SYSCFG_VREFINT_OutputSelect), (24 bytes).
    Removing stm32l0xx_hal.o(i.HAL_SetTickFreq), (36 bytes).
    Removing stm32l0xx_hal.o(i.HAL_SuspendTick), (16 bytes).
    Removing stm32l0xx_hal_i2c.o(.rev16_text), (4 bytes).
    Removing stm32l0xx_hal_i2c.o(.revsh_text), (4 bytes).
    Removing stm32l0xx_hal_i2c.o(i.HAL_I2C_AbortCpltCallback), (2 bytes).
    Removing stm32l0xx_hal_i2c.o(i.HAL_I2C_AddrCallback), (2 bytes).
    Removing stm32l0xx_hal_i2c.o(i.HAL_I2C_DeInit), (52 bytes).
    Removing stm32l0xx_hal_i2c.o(i.HAL_I2C_DisableListen_IT), (50 bytes).
    Removing stm32l0xx_hal_i2c.o(i.HAL_I2C_ER_IRQHandler), (94 bytes).
    Removing stm32l0xx_hal_i2c.o(i.HAL_I2C_EV_IRQHandler), (16 bytes).
    Removing stm32l0xx_hal_i2c.o(i.HAL_I2C_EnableListen_IT), (40 bytes).
    Removing stm32l0xx_hal_i2c.o(i.HAL_I2C_ErrorCallback), (2 bytes).
    Removing stm32l0xx_hal_i2c.o(i.HAL_I2C_GetError), (4 bytes).
    Removing stm32l0xx_hal_i2c.o(i.HAL_I2C_GetMode), (6 bytes).
    Removing stm32l0xx_hal_i2c.o(i.HAL_I2C_GetState), (6 bytes).
    Removing stm32l0xx_hal_i2c.o(i.HAL_I2C_Init), (180 bytes).
    Removing stm32l0xx_hal_i2c.o(i.HAL_I2C_IsDeviceReady), (288 bytes).
    Removing stm32l0xx_hal_i2c.o(i.HAL_I2C_ListenCpltCallback), (2 bytes).
    Removing stm32l0xx_hal_i2c.o(i.HAL_I2C_MasterRxCpltCallback), (2 bytes).
    Removing stm32l0xx_hal_i2c.o(i.HAL_I2C_MasterTxCpltCallback), (2 bytes).
    Removing stm32l0xx_hal_i2c.o(i.HAL_I2C_Master_Abort_IT), (112 bytes).
    Removing stm32l0xx_hal_i2c.o(i.HAL_I2C_Master_Receive), (272 bytes).
    Removing stm32l0xx_hal_i2c.o(i.HAL_I2C_Master_Receive_DMA), (280 bytes).
    Removing stm32l0xx_hal_i2c.o(i.HAL_I2C_Master_Receive_IT), (128 bytes).
    Removing stm32l0xx_hal_i2c.o(i.HAL_I2C_Master_Seq_Receive_DMA), (316 bytes).
    Removing stm32l0xx_hal_i2c.o(i.HAL_I2C_Master_Seq_Receive_IT), (156 bytes).
    Removing stm32l0xx_hal_i2c.o(i.HAL_I2C_Master_Seq_Transmit_DMA), (312 bytes).
    Removing stm32l0xx_hal_i2c.o(i.HAL_I2C_Master_Seq_Transmit_IT), (156 bytes).
    Removing stm32l0xx_hal_i2c.o(i.HAL_I2C_Master_Transmit), (272 bytes).
    Removing stm32l0xx_hal_i2c.o(i.HAL_I2C_Master_Transmit_DMA), (284 bytes).
    Removing stm32l0xx_hal_i2c.o(i.HAL_I2C_Master_Transmit_IT), (128 bytes).
    Removing stm32l0xx_hal_i2c.o(i.HAL_I2C_MemRxCpltCallback), (2 bytes).
    Removing stm32l0xx_hal_i2c.o(i.HAL_I2C_MemTxCpltCallback), (2 bytes).
    Removing stm32l0xx_hal_i2c.o(i.HAL_I2C_Mem_Read), (340 bytes).
    Removing stm32l0xx_hal_i2c.o(i.HAL_I2C_Mem_Read_DMA), (252 bytes).
    Removing stm32l0xx_hal_i2c.o(i.HAL_I2C_Mem_Read_IT), (156 bytes).
    Removing stm32l0xx_hal_i2c.o(i.HAL_I2C_Mem_Write), (332 bytes).
    Removing stm32l0xx_hal_i2c.o(i.HAL_I2C_Mem_Write_DMA), (248 bytes).
    Removing stm32l0xx_hal_i2c.o(i.HAL_I2C_Mem_Write_IT), (156 bytes).
    Removing stm32l0xx_hal_i2c.o(i.HAL_I2C_MspDeInit), (2 bytes).
    Removing stm32l0xx_hal_i2c.o(i.HAL_I2C_MspInit), (2 bytes).
    Removing stm32l0xx_hal_i2c.o(i.HAL_I2C_SlaveRxCpltCallback), (2 bytes).
    Removing stm32l0xx_hal_i2c.o(i.HAL_I2C_SlaveTxCpltCallback), (2 bytes).
    Removing stm32l0xx_hal_i2c.o(i.HAL_I2C_Slave_Receive), (294 bytes).
    Removing stm32l0xx_hal_i2c.o(i.HAL_I2C_Slave_Receive_DMA), (200 bytes).
    Removing stm32l0xx_hal_i2c.o(i.HAL_I2C_Slave_Receive_IT), (88 bytes).
    Removing stm32l0xx_hal_i2c.o(i.HAL_I2C_Slave_Seq_Receive_DMA), (372 bytes).
    Removing stm32l0xx_hal_i2c.o(i.HAL_I2C_Slave_Seq_Receive_IT), (212 bytes).
    Removing stm32l0xx_hal_i2c.o(i.HAL_I2C_Slave_Seq_Transmit_DMA), (376 bytes).
    Removing stm32l0xx_hal_i2c.o(i.HAL_I2C_Slave_Seq_Transmit_IT), (216 bytes).
    Removing stm32l0xx_hal_i2c.o(i.HAL_I2C_Slave_Transmit), (342 bytes).
    Removing stm32l0xx_hal_i2c.o(i.HAL_I2C_Slave_Transmit_DMA), (260 bytes).
    Removing stm32l0xx_hal_i2c.o(i.HAL_I2C_Slave_Transmit_IT), (124 bytes).
    Removing stm32l0xx_hal_i2c.o(i.I2C_ConvertOtherXferOptions), (28 bytes).
    Removing stm32l0xx_hal_i2c.o(i.I2C_DMAAbort), (28 bytes).
    Removing stm32l0xx_hal_i2c.o(i.I2C_DMAError), (24 bytes).
    Removing stm32l0xx_hal_i2c.o(i.I2C_DMAMasterReceiveCplt), (84 bytes).
    Removing stm32l0xx_hal_i2c.o(i.I2C_DMAMasterTransmitCplt), (84 bytes).
    Removing stm32l0xx_hal_i2c.o(i.I2C_DMASlaveReceiveCplt), (42 bytes).
    Removing stm32l0xx_hal_i2c.o(i.I2C_DMASlaveTransmitCplt), (36 bytes).
    Removing stm32l0xx_hal_i2c.o(i.I2C_Disable_IRQ), (82 bytes).
    Removing stm32l0xx_hal_i2c.o(i.I2C_Enable_IRQ), (128 bytes).
    Removing stm32l0xx_hal_i2c.o(i.I2C_Flush_TXDR), (34 bytes).
    Removing stm32l0xx_hal_i2c.o(i.I2C_ITAddrCplt), (124 bytes).
    Removing stm32l0xx_hal_i2c.o(i.I2C_ITError), (276 bytes).
    Removing stm32l0xx_hal_i2c.o(i.I2C_ITListenCplt), (104 bytes).
    Removing stm32l0xx_hal_i2c.o(i.I2C_ITMasterCplt), (216 bytes).
    Removing stm32l0xx_hal_i2c.o(i.I2C_ITMasterSeqCplt), (70 bytes).
    Removing stm32l0xx_hal_i2c.o(i.I2C_ITSlaveCplt), (316 bytes).
    Removing stm32l0xx_hal_i2c.o(i.I2C_ITSlaveSeqCplt), (106 bytes).
    Removing stm32l0xx_hal_i2c.o(i.I2C_IsErrorOccurred), (272 bytes).
    Removing stm32l0xx_hal_i2c.o(i.I2C_Master_ISR_DMA), (268 bytes).
    Removing stm32l0xx_hal_i2c.o(i.I2C_Master_ISR_IT), (304 bytes).
    Removing stm32l0xx_hal_i2c.o(i.I2C_Mem_ISR_DMA), (272 bytes).
    Removing stm32l0xx_hal_i2c.o(i.I2C_Mem_ISR_IT), (288 bytes).
    Removing stm32l0xx_hal_i2c.o(i.I2C_RequestMemoryRead), (96 bytes).
    Removing stm32l0xx_hal_i2c.o(i.I2C_RequestMemoryWrite), (96 bytes).
    Removing stm32l0xx_hal_i2c.o(i.I2C_Slave_ISR_DMA), (274 bytes).
    Removing stm32l0xx_hal_i2c.o(i.I2C_Slave_ISR_IT), (304 bytes).
    Removing stm32l0xx_hal_i2c.o(i.I2C_TransferConfig), (44 bytes).
    Removing stm32l0xx_hal_i2c.o(i.I2C_TreatErrorCallback), (38 bytes).
    Removing stm32l0xx_hal_i2c.o(i.I2C_WaitOnFlagUntilTimeout), (98 bytes).
    Removing stm32l0xx_hal_i2c.o(i.I2C_WaitOnRXNEFlagUntilTimeout), (156 bytes).
    Removing stm32l0xx_hal_i2c.o(i.I2C_WaitOnSTOPFlagUntilTimeout), (86 bytes).
    Removing stm32l0xx_hal_i2c.o(i.I2C_WaitOnTXISFlagUntilTimeout), (90 bytes).
    Removing stm32l0xx_hal_i2c_ex.o(.rev16_text), (4 bytes).
    Removing stm32l0xx_hal_i2c_ex.o(.revsh_text), (4 bytes).
    Removing stm32l0xx_hal_i2c_ex.o(i.HAL_I2CEx_ConfigAnalogFilter), (74 bytes).
    Removing stm32l0xx_hal_i2c_ex.o(i.HAL_I2CEx_ConfigDigitalFilter), (72 bytes).
    Removing stm32l0xx_hal_i2c_ex.o(i.HAL_I2CEx_DisableFastModePlus), (28 bytes).
    Removing stm32l0xx_hal_i2c_ex.o(i.HAL_I2CEx_DisableWakeUp), (66 bytes).
    Removing stm32l0xx_hal_i2c_ex.o(i.HAL_I2CEx_EnableFastModePlus), (28 bytes).
    Removing stm32l0xx_hal_i2c_ex.o(i.HAL_I2CEx_EnableWakeUp), (66 bytes).
    Removing stm32l0xx_hal_rcc.o(.rev16_text), (4 bytes).
    Removing stm32l0xx_hal_rcc.o(.revsh_text), (4 bytes).
    Removing stm32l0xx_hal_rcc.o(i.HAL_RCC_CSSCallback), (2 bytes).
    Removing stm32l0xx_hal_rcc.o(i.HAL_RCC_DeInit), (212 bytes).
    Removing stm32l0xx_hal_rcc.o(i.HAL_RCC_EnableCSS), (20 bytes).
    Removing stm32l0xx_hal_rcc.o(i.HAL_RCC_GetClockConfig), (64 bytes).
    Removing stm32l0xx_hal_rcc.o(i.HAL_RCC_GetHCLKFreq), (12 bytes).
    Removing stm32l0xx_hal_rcc.o(i.HAL_RCC_GetOscConfig), (184 bytes).
    Removing stm32l0xx_hal_rcc.o(i.HAL_RCC_GetPCLK1Freq), (32 bytes).
    Removing stm32l0xx_hal_rcc.o(i.HAL_RCC_GetPCLK2Freq), (32 bytes).
    Removing stm32l0xx_hal_rcc.o(i.HAL_RCC_MCOConfig), (132 bytes).
    Removing stm32l0xx_hal_rcc.o(i.HAL_RCC_NMI_IRQHandler), (24 bytes).
    Removing stm32l0xx_hal_rcc_ex.o(.rev16_text), (4 bytes).
    Removing stm32l0xx_hal_rcc_ex.o(.revsh_text), (4 bytes).
    Removing stm32l0xx_hal_rcc_ex.o(i.HAL_RCCEx_DisableLSECSS), (32 bytes).
    Removing stm32l0xx_hal_rcc_ex.o(i.HAL_RCCEx_EnableLSECSS), (20 bytes).
    Removing stm32l0xx_hal_rcc_ex.o(i.HAL_RCCEx_EnableLSECSS_IT), (52 bytes).
    Removing stm32l0xx_hal_rcc_ex.o(i.HAL_RCCEx_GetPeriphCLKConfig), (92 bytes).
    Removing stm32l0xx_hal_rcc_ex.o(i.HAL_RCCEx_GetPeriphCLKFreq), (324 bytes).
    Removing stm32l0xx_hal_rcc_ex.o(i.HAL_RCCEx_LSECSS_Callback), (2 bytes).
    Removing stm32l0xx_hal_rcc_ex.o(i.HAL_RCCEx_LSECSS_IRQHandler), (24 bytes).
    Removing stm32l0xx_hal_rcc_ex.o(i.HAL_RCCEx_PeriphCLKConfig), (360 bytes).
    Removing stm32l0xx_hal_flash_ramfunc.o(.rev16_text), (4 bytes).
    Removing stm32l0xx_hal_flash_ramfunc.o(.revsh_text), (4 bytes).
    Removing stm32l0xx_hal_flash_ramfunc.o(i.FLASHRAM_SetErrorCode), (144 bytes).
    Removing stm32l0xx_hal_flash_ramfunc.o(i.FLASHRAM_WaitForLastOperation), (96 bytes).
    Removing stm32l0xx_hal_flash_ramfunc.o(i.HAL_FLASHEx_DisableRunPowerDown), (36 bytes).
    Removing stm32l0xx_hal_flash_ramfunc.o(i.HAL_FLASHEx_EnableRunPowerDown), (36 bytes).
    Removing stm32l0xx_hal_flash_ramfunc.o(i.HAL_FLASHEx_GetError), (16 bytes).
    Removing stm32l0xx_hal_flash_ramfunc.o(i.HAL_FLASHEx_HalfPageProgram), (84 bytes).
    Removing stm32l0xx_hal_flash.o(.rev16_text), (4 bytes).
    Removing stm32l0xx_hal_flash.o(.revsh_text), (4 bytes).
    Removing stm32l0xx_hal_flash.o(i.HAL_FLASH_EndOfOperationCallback), (2 bytes).
    Removing stm32l0xx_hal_flash.o(i.HAL_FLASH_GetError), (12 bytes).
    Removing stm32l0xx_hal_flash.o(i.HAL_FLASH_IRQHandler), (220 bytes).
    Removing stm32l0xx_hal_flash.o(i.HAL_FLASH_Lock), (28 bytes).
    Removing stm32l0xx_hal_flash.o(i.HAL_FLASH_OB_Launch), (32 bytes).
    Removing stm32l0xx_hal_flash.o(i.HAL_FLASH_OB_Lock), (20 bytes).
    Removing stm32l0xx_hal_flash.o(i.HAL_FLASH_OB_Unlock), (68 bytes).
    Removing stm32l0xx_hal_flash.o(i.HAL_FLASH_OperationErrorCallback), (2 bytes).
    Removing stm32l0xx_hal_flash.o(i.HAL_FLASH_Program), (60 bytes).
    Removing stm32l0xx_hal_flash.o(i.HAL_FLASH_Program_IT), (52 bytes).
    Removing stm32l0xx_hal_flash.o(i.HAL_FLASH_Unlock), (92 bytes).
    Removing stm32l0xx_hal_flash_ex.o(.rev16_text), (4 bytes).
    Removing stm32l0xx_hal_flash_ex.o(.revsh_text), (4 bytes).
    Removing stm32l0xx_hal_flash_ex.o(i.FLASH_OB_ProtectedSectorsConfig), (80 bytes).
    Removing stm32l0xx_hal_flash_ex.o(i.FLASH_PageErase), (44 bytes).
    Removing stm32l0xx_hal_flash_ex.o(i.HAL_FLASHEx_AdvOBGetConfig), (24 bytes).
    Removing stm32l0xx_hal_flash_ex.o(i.HAL_FLASHEx_AdvOBProgram), (24 bytes).
    Removing stm32l0xx_hal_flash_ex.o(i.HAL_FLASHEx_DATAEEPROM_DisableFixedTimeProgram), (16 bytes).
    Removing stm32l0xx_hal_flash_ex.o(i.HAL_FLASHEx_DATAEEPROM_EnableFixedTimeProgram), (16 bytes).
    Removing stm32l0xx_hal_flash_ex.o(i.HAL_FLASHEx_DATAEEPROM_Erase), (40 bytes).
    Removing stm32l0xx_hal_flash_ex.o(i.HAL_FLASHEx_Erase), (120 bytes).
    Removing stm32l0xx_hal_flash_ex.o(i.HAL_FLASHEx_Erase_IT), (92 bytes).
    Removing stm32l0xx_hal_flash_ex.o(i.HAL_FLASHEx_OBGetConfig), (56 bytes).
    Removing stm32l0xx_hal_flash_ex.o(i.HAL_FLASHEx_OBProgram), (288 bytes).
    Removing stm32l0xx_hal_flash_ex.o(i.HAL_FLASHEx_OB_DeSelectPCROP), (52 bytes).
    Removing stm32l0xx_hal_flash_ex.o(i.HAL_FLASHEx_OB_SelectPCROP), (56 bytes).
    Removing stm32l0xx_hal_gpio.o(.rev16_text), (4 bytes).
    Removing stm32l0xx_hal_gpio.o(.revsh_text), (4 bytes).
    Removing stm32l0xx_hal_gpio.o(i.HAL_GPIO_DeInit), (228 bytes).
    Removing stm32l0xx_hal_gpio.o(i.HAL_GPIO_EXTI_Callback), (2 bytes).
    Removing stm32l0xx_hal_gpio.o(i.HAL_GPIO_EXTI_IRQHandler), (24 bytes).
    Removing stm32l0xx_hal_gpio.o(i.HAL_GPIO_LockPin), (36 bytes).
    Removing stm32l0xx_hal_gpio.o(i.HAL_GPIO_TogglePin), (16 bytes).
    Removing stm32l0xx_hal_dma.o(.rev16_text), (4 bytes).
    Removing stm32l0xx_hal_dma.o(.revsh_text), (4 bytes).
    Removing stm32l0xx_hal_dma.o(i.DMA_SetConfig), (44 bytes).
    Removing stm32l0xx_hal_dma.o(i.HAL_DMA_Abort), (68 bytes).
    Removing stm32l0xx_hal_dma.o(i.HAL_DMA_Abort_IT), (76 bytes).
    Removing stm32l0xx_hal_dma.o(i.HAL_DMA_DeInit), (104 bytes).
    Removing stm32l0xx_hal_dma.o(i.HAL_DMA_GetError), (4 bytes).
    Removing stm32l0xx_hal_dma.o(i.HAL_DMA_GetState), (6 bytes).
    Removing stm32l0xx_hal_dma.o(i.HAL_DMA_IRQHandler), (168 bytes).
    Removing stm32l0xx_hal_dma.o(i.HAL_DMA_Init), (144 bytes).
    Removing stm32l0xx_hal_dma.o(i.HAL_DMA_PollForTransfer), (190 bytes).
    Removing stm32l0xx_hal_dma.o(i.HAL_DMA_RegisterCallback), (72 bytes).
    Removing stm32l0xx_hal_dma.o(i.HAL_DMA_Start), (74 bytes).
    Removing stm32l0xx_hal_dma.o(i.HAL_DMA_Start_IT), (104 bytes).
    Removing stm32l0xx_hal_dma.o(i.HAL_DMA_UnRegisterCallback), (78 bytes).
    Removing stm32l0xx_hal_pwr.o(.rev16_text), (4 bytes).
    Removing stm32l0xx_hal_pwr.o(.revsh_text), (4 bytes).
    Removing stm32l0xx_hal_pwr.o(i.HAL_PWR_DeInit), (24 bytes).
    Removing stm32l0xx_hal_pwr.o(i.HAL_PWR_DisableBkUpAccess), (16 bytes).
    Removing stm32l0xx_hal_pwr.o(i.HAL_PWR_DisablePVD), (16 bytes).
    Removing stm32l0xx_hal_pwr.o(i.HAL_PWR_DisableSEVOnPend), (16 bytes).
    Removing stm32l0xx_hal_pwr.o(i.HAL_PWR_DisableSleepOnExit), (16 bytes).
    Removing stm32l0xx_hal_pwr.o(i.HAL_PWR_DisableWakeUpPin), (16 bytes).
    Removing stm32l0xx_hal_pwr.o(i.HAL_PWR_EnableBkUpAccess), (16 bytes).
    Removing stm32l0xx_hal_pwr.o(i.HAL_PWR_EnableSEVOnPend), (16 bytes).
    Removing stm32l0xx_hal_pwr.o(i.HAL_PWR_EnableSleepOnExit), (16 bytes).
    Removing stm32l0xx_hal_pwr.o(i.HAL_PWR_EnableWakeUpPin), (16 bytes).
    Removing stm32l0xx_hal_pwr.o(i.HAL_PWR_EnterSLEEPMode), (96 bytes).
    Removing stm32l0xx_hal_pwr.o(i.HAL_PWR_EnterSTANDBYMode), (32 bytes).
    Removing stm32l0xx_hal_pwr.o(i.HAL_PWR_EnterSTOPMode), (100 bytes).
    Removing stm32l0xx_hal_pwr_ex.o(.rev16_text), (4 bytes).
    Removing stm32l0xx_hal_pwr_ex.o(.revsh_text), (4 bytes).
    Removing stm32l0xx_hal_pwr_ex.o(i.HAL_PWREx_DisableFastWakeUp), (16 bytes).
    Removing stm32l0xx_hal_pwr_ex.o(i.HAL_PWREx_DisableLowPowerRunMode), (76 bytes).
    Removing stm32l0xx_hal_pwr_ex.o(i.HAL_PWREx_DisableUltraLowPower), (16 bytes).
    Removing stm32l0xx_hal_pwr_ex.o(i.HAL_PWREx_EnableFastWakeUp), (16 bytes).
    Removing stm32l0xx_hal_pwr_ex.o(i.HAL_PWREx_EnableLowPowerRunMode), (24 bytes).
    Removing stm32l0xx_hal_pwr_ex.o(i.HAL_PWREx_EnableUltraLowPower), (16 bytes).
    Removing stm32l0xx_hal_pwr_ex.o(i.HAL_PWREx_GetVoltageRange), (16 bytes).
    Removing stm32l0xx_hal_cortex.o(.rev16_text), (4 bytes).
    Removing stm32l0xx_hal_cortex.o(.revsh_text), (4 bytes).
    Removing stm32l0xx_hal_cortex.o(i.HAL_MPU_ConfigRegion), (84 bytes).
    Removing stm32l0xx_hal_cortex.o(i.HAL_MPU_Disable), (16 bytes).
    Removing stm32l0xx_hal_cortex.o(i.HAL_MPU_Enable), (24 bytes).
    Removing stm32l0xx_hal_cortex.o(i.HAL_NVIC_ClearPendingIRQ), (24 bytes).
    Removing stm32l0xx_hal_cortex.o(i.HAL_NVIC_DisableIRQ), (32 bytes).
    Removing stm32l0xx_hal_cortex.o(i.HAL_NVIC_GetPendingIRQ), (32 bytes).
    Removing stm32l0xx_hal_cortex.o(i.HAL_NVIC_GetPriority), (52 bytes).
    Removing stm32l0xx_hal_cortex.o(i.HAL_NVIC_SetPendingIRQ), (24 bytes).
    Removing stm32l0xx_hal_cortex.o(i.HAL_NVIC_SystemReset), (28 bytes).
    Removing stm32l0xx_hal_cortex.o(i.HAL_SYSTICK_CLKSourceConfig), (24 bytes).
    Removing stm32l0xx_hal_cortex.o(i.HAL_SYSTICK_Callback), (2 bytes).
    Removing stm32l0xx_hal_cortex.o(i.HAL_SYSTICK_IRQHandler), (8 bytes).
    Removing stm32l0xx_hal_exti.o(.rev16_text), (4 bytes).
    Removing stm32l0xx_hal_exti.o(.revsh_text), (4 bytes).
    Removing stm32l0xx_hal_exti.o(i.HAL_EXTI_ClearConfigLine), (100 bytes).
    Removing stm32l0xx_hal_exti.o(i.HAL_EXTI_ClearPending), (20 bytes).
    Removing stm32l0xx_hal_exti.o(i.HAL_EXTI_GenerateSWI), (20 bytes).
    Removing stm32l0xx_hal_exti.o(i.HAL_EXTI_GetConfigLine), (132 bytes).
    Removing stm32l0xx_hal_exti.o(i.HAL_EXTI_GetHandle), (14 bytes).
    Removing stm32l0xx_hal_exti.o(i.HAL_EXTI_GetPending), (24 bytes).
    Removing stm32l0xx_hal_exti.o(i.HAL_EXTI_IRQHandler), (36 bytes).
    Removing stm32l0xx_hal_exti.o(i.HAL_EXTI_RegisterCallback), (16 bytes).
    Removing stm32l0xx_hal_exti.o(i.HAL_EXTI_SetConfigLine), (148 bytes).
    Removing stm32l0xx_hal_tim.o(.rev16_text), (4 bytes).
    Removing stm32l0xx_hal_tim.o(.revsh_text), (4 bytes).
    Removing stm32l0xx_hal_tim_ex.o(.rev16_text), (4 bytes).
    Removing stm32l0xx_hal_tim_ex.o(.revsh_text), (4 bytes).
    Removing system_stm32l0xx.o(.rev16_text), (4 bytes).
    Removing system_stm32l0xx.o(.revsh_text), (4 bytes).
    Removing system_stm32l0xx.o(i.SystemCoreClockUpdate), (156 bytes).
    Removing system_stm32l0xx.o(.constdata), (8 bytes).
    Removing dadd.o(.text), (360 bytes).
    Removing dmul.o(.text), (208 bytes).
    Removing ddiv.o(.text), (240 bytes).
    Removing dfixul.o(.text), (64 bytes).
    Removing cdrcmple.o(.text), (40 bytes).
    Removing depilogue.o(.text), (190 bytes).
    Removing stm32l0xx_hal_dma.o(i.__ARM_common_switch8), (26 bytes).
    Removing depilogue.o(i.__ARM_clz), (46 bytes).

348 unused section(s) (total 25454 bytes) removed from the image.

==============================================================================

Image Symbol Table

    Local Symbols

    Symbol Name                              Value     Ov Type        Size  Object(Section)

    ../Core/Src/gpio.c                       0x00000000   Number         0  gpio.o ABSOLUTE
    ../Core/Src/main.c                       0x00000000   Number         0  main.o ABSOLUTE
    ../Core/Src/spi.c                        0x00000000   Number         0  spi.o ABSOLUTE
    ../Core/Src/stm32l0xx_hal_msp.c          0x00000000   Number         0  stm32l0xx_hal_msp.o ABSOLUTE
    ../Core/Src/stm32l0xx_it.c               0x00000000   Number         0  stm32l0xx_it.o ABSOLUTE
    ../Core/Src/system_stm32l0xx.c           0x00000000   Number         0  system_stm32l0xx.o ABSOLUTE
    ../Drivers/STM32L0xx_HAL_Driver/Src/stm32l0xx_hal.c 0x00000000   Number         0  stm32l0xx_hal.o ABSOLUTE
    ../Drivers/STM32L0xx_HAL_Driver/Src/stm32l0xx_hal_cortex.c 0x00000000   Number         0  stm32l0xx_hal_cortex.o ABSOLUTE
    ../Drivers/STM32L0xx_HAL_Driver/Src/stm32l0xx_hal_dma.c 0x00000000   Number         0  stm32l0xx_hal_dma.o ABSOLUTE
    ../Drivers/STM32L0xx_HAL_Driver/Src/stm32l0xx_hal_exti.c 0x00000000   Number         0  stm32l0xx_hal_exti.o ABSOLUTE
    ../Drivers/STM32L0xx_HAL_Driver/Src/stm32l0xx_hal_flash.c 0x00000000   Number         0  stm32l0xx_hal_flash.o ABSOLUTE
    ../Drivers/STM32L0xx_HAL_Driver/Src/stm32l0xx_hal_flash_ex.c 0x00000000   Number         0  stm32l0xx_hal_flash_ex.o ABSOLUTE
    ../Drivers/STM32L0xx_HAL_Driver/Src/stm32l0xx_hal_flash_ramfunc.c 0x00000000   Number         0  stm32l0xx_hal_flash_ramfunc.o ABSOLUTE
    ../Drivers/STM32L0xx_HAL_Driver/Src/stm32l0xx_hal_gpio.c 0x00000000   Number         0  stm32l0xx_hal_gpio.o ABSOLUTE
    ../Drivers/STM32L0xx_HAL_Driver/Src/stm32l0xx_hal_i2c.c 0x00000000   Number         0  stm32l0xx_hal_i2c.o ABSOLUTE
    ../Drivers/STM32L0xx_HAL_Driver/Src/stm32l0xx_hal_i2c_ex.c 0x00000000   Number         0  stm32l0xx_hal_i2c_ex.o ABSOLUTE
    ../Drivers/STM32L0xx_HAL_Driver/Src/stm32l0xx_hal_pwr.c 0x00000000   Number         0  stm32l0xx_hal_pwr.o ABSOLUTE
    ../Drivers/STM32L0xx_HAL_Driver/Src/stm32l0xx_hal_pwr_ex.c 0x00000000   Number         0  stm32l0xx_hal_pwr_ex.o ABSOLUTE
    ../Drivers/STM32L0xx_HAL_Driver/Src/stm32l0xx_hal_rcc.c 0x00000000   Number         0  stm32l0xx_hal_rcc.o ABSOLUTE
    ../Drivers/STM32L0xx_HAL_Driver/Src/stm32l0xx_hal_rcc_ex.c 0x00000000   Number         0  stm32l0xx_hal_rcc_ex.o ABSOLUTE
    ../Drivers/STM32L0xx_HAL_Driver/Src/stm32l0xx_hal_spi.c 0x00000000   Number         0  stm32l0xx_hal_spi.o ABSOLUTE
    ../Drivers/STM32L0xx_HAL_Driver/Src/stm32l0xx_hal_tim.c 0x00000000   Number         0  stm32l0xx_hal_tim.o ABSOLUTE
    ../Drivers/STM32L0xx_HAL_Driver/Src/stm32l0xx_hal_tim_ex.c 0x00000000   Number         0  stm32l0xx_hal_tim_ex.o ABSOLUTE
    ../clib/../cmprslib/zerorunl2.c          0x00000000   Number         0  __dczerorl2.o ABSOLUTE
    ../clib/microlib/division.c              0x00000000   Number         0  uldiv.o ABSOLUTE
    ../clib/microlib/division.c              0x00000000   Number         0  uidiv.o ABSOLUTE
    ../clib/microlib/init/entry.s            0x00000000   Number         0  entry.o ABSOLUTE
    ../clib/microlib/init/entry.s            0x00000000   Number         0  entry11a.o ABSOLUTE
    ../clib/microlib/init/entry.s            0x00000000   Number         0  entry12a.o ABSOLUTE
    ../clib/microlib/init/entry.s            0x00000000   Number         0  entry11b.o ABSOLUTE
    ../clib/microlib/init/entry.s            0x00000000   Number         0  entry5.o ABSOLUTE
    ../clib/microlib/init/entry.s            0x00000000   Number         0  entry8b.o ABSOLUTE
    ../clib/microlib/init/entry.s            0x00000000   Number         0  entry2.o ABSOLUTE
    ../clib/microlib/init/entry.s            0x00000000   Number         0  entry7a.o ABSOLUTE
    ../clib/microlib/init/entry.s            0x00000000   Number         0  entry7b.o ABSOLUTE
    ../clib/microlib/init/entry.s            0x00000000   Number         0  entry8a.o ABSOLUTE
    ../clib/microlib/init/entry.s            0x00000000   Number         0  entry9a.o ABSOLUTE
    ../clib/microlib/init/entry.s            0x00000000   Number         0  entry9b.o ABSOLUTE
    ../clib/microlib/init/entry.s            0x00000000   Number         0  entry10a.o ABSOLUTE
    ../clib/microlib/init/entry.s            0x00000000   Number         0  entry12b.o ABSOLUTE
    ../clib/microlib/init/entry.s            0x00000000   Number         0  entry10b.o ABSOLUTE
    ../clib/microlib/longlong.c              0x00000000   Number         0  llushr.o ABSOLUTE
    ../clib/microlib/longlong.c              0x00000000   Number         0  llsshr.o ABSOLUTE
    ../clib/microlib/longlong.c              0x00000000   Number         0  llshl.o ABSOLUTE
    ../clib/microlib/malloc/malloc.c         0x00000000   Number         0  malloca.o ABSOLUTE
    ../clib/microlib/malloc/malloc.c         0x00000000   Number         0  mallocr.o ABSOLUTE
    ../clib/microlib/malloc/malloc.c         0x00000000   Number         0  mallocra.o ABSOLUTE
    ../clib/microlib/malloc/malloc.c         0x00000000   Number         0  malloc.o ABSOLUTE
    ../clib/microlib/malloc/mvars.c          0x00000000   Number         0  mvars.o ABSOLUTE
    ../clib/microlib/printf/printf.c         0x00000000   Number         0  printf8.o ABSOLUTE
    ../clib/microlib/printf/printf.c         0x00000000   Number         0  printf7.o ABSOLUTE
    ../clib/microlib/printf/printf.c         0x00000000   Number         0  printf6.o ABSOLUTE
    ../clib/microlib/printf/printf.c         0x00000000   Number         0  printfb.o ABSOLUTE
    ../clib/microlib/printf/printf.c         0x00000000   Number         0  printf5.o ABSOLUTE
    ../clib/microlib/printf/printf.c         0x00000000   Number         0  printfa.o ABSOLUTE
    ../clib/microlib/printf/printf.c         0x00000000   Number         0  printf4.o ABSOLUTE
    ../clib/microlib/printf/printf.c         0x00000000   Number         0  printf3.o ABSOLUTE
    ../clib/microlib/printf/printf.c         0x00000000   Number         0  printf2.o ABSOLUTE
    ../clib/microlib/printf/printf.c         0x00000000   Number         0  printf1.o ABSOLUTE
    ../clib/microlib/printf/printf.c         0x00000000   Number         0  printf0.o ABSOLUTE
    ../clib/microlib/stdio/streams.c         0x00000000   Number         0  stdout.o ABSOLUTE
    ../clib/microlib/string/memcmp.c         0x00000000   Number         0  memcmp.o ABSOLUTE
    ../clib/microlib/string/memcpy.c         0x00000000   Number         0  memcpya.o ABSOLUTE
    ../clib/microlib/string/memcpy.c         0x00000000   Number         0  memcpyb.o ABSOLUTE
    ../clib/microlib/string/memset.c         0x00000000   Number         0  memseta.o ABSOLUTE
    ../clib/microlib/stubs.s                 0x00000000   Number         0  iusefp.o ABSOLUTE
    ../fplib/microlib/fpadd.c                0x00000000   Number         0  dadd.o ABSOLUTE
    ../fplib/microlib/fpdiv.c                0x00000000   Number         0  ddiv.o ABSOLUTE
    ../fplib/microlib/fpepilogue.c           0x00000000   Number         0  depilogue.o ABSOLUTE
    ../fplib/microlib/fpfix.c                0x00000000   Number         0  dfixul.o ABSOLUTE
    ../fplib/microlib/fpmul.c                0x00000000   Number         0  dmul.o ABSOLUTE
    ..\BSP\EEPROM\EEPROM.c                   0x00000000   Number         0  eeprom.o ABSOLUTE
    ..\BSP\EPaper\Config\DEV_Config.c        0x00000000   Number         0  dev_config.o ABSOLUTE
    ..\BSP\EPaper\UserGUI.c                  0x00000000   Number         0  usergui.o ABSOLUTE
    ..\BSP\EPaper\e-Paper\EPD_1in54_V2.c     0x00000000   Number         0  epd_1in54_v2.o ABSOLUTE
    ..\BSP\KEY\key.c                         0x00000000   Number         0  key.o ABSOLUTE
    ..\BSP\RC522\RC522.c                     0x00000000   Number         0  rc522.o ABSOLUTE
    ..\BSP\Soft_SPI\Soft_SPI.c               0x00000000   Number         0  soft_spi.o ABSOLUTE
    ..\Core\Src\gpio.c                       0x00000000   Number         0  gpio.o ABSOLUTE
    ..\Core\Src\main.c                       0x00000000   Number         0  main.o ABSOLUTE
    ..\Core\Src\spi.c                        0x00000000   Number         0  spi.o ABSOLUTE
    ..\Core\Src\stm32l0xx_hal_msp.c          0x00000000   Number         0  stm32l0xx_hal_msp.o ABSOLUTE
    ..\Core\Src\stm32l0xx_it.c               0x00000000   Number         0  stm32l0xx_it.o ABSOLUTE
    ..\Core\Src\system_stm32l0xx.c           0x00000000   Number         0  system_stm32l0xx.o ABSOLUTE
    ..\Drivers\STM32L0xx_HAL_Driver\Src\stm32l0xx_hal.c 0x00000000   Number         0  stm32l0xx_hal.o ABSOLUTE
    ..\Drivers\STM32L0xx_HAL_Driver\Src\stm32l0xx_hal_cortex.c 0x00000000   Number         0  stm32l0xx_hal_cortex.o ABSOLUTE
    ..\Drivers\STM32L0xx_HAL_Driver\Src\stm32l0xx_hal_dma.c 0x00000000   Number         0  stm32l0xx_hal_dma.o ABSOLUTE
    ..\Drivers\STM32L0xx_HAL_Driver\Src\stm32l0xx_hal_exti.c 0x00000000   Number         0  stm32l0xx_hal_exti.o ABSOLUTE
    ..\Drivers\STM32L0xx_HAL_Driver\Src\stm32l0xx_hal_flash.c 0x00000000   Number         0  stm32l0xx_hal_flash.o ABSOLUTE
    ..\Drivers\STM32L0xx_HAL_Driver\Src\stm32l0xx_hal_flash_ex.c 0x00000000   Number         0  stm32l0xx_hal_flash_ex.o ABSOLUTE
    ..\Drivers\STM32L0xx_HAL_Driver\Src\stm32l0xx_hal_flash_ramfunc.c 0x00000000   Number         0  stm32l0xx_hal_flash_ramfunc.o ABSOLUTE
    ..\Drivers\STM32L0xx_HAL_Driver\Src\stm32l0xx_hal_gpio.c 0x00000000   Number         0  stm32l0xx_hal_gpio.o ABSOLUTE
    ..\Drivers\STM32L0xx_HAL_Driver\Src\stm32l0xx_hal_i2c.c 0x00000000   Number         0  stm32l0xx_hal_i2c.o ABSOLUTE
    ..\Drivers\STM32L0xx_HAL_Driver\Src\stm32l0xx_hal_i2c_ex.c 0x00000000   Number         0  stm32l0xx_hal_i2c_ex.o ABSOLUTE
    ..\Drivers\STM32L0xx_HAL_Driver\Src\stm32l0xx_hal_pwr.c 0x00000000   Number         0  stm32l0xx_hal_pwr.o ABSOLUTE
    ..\Drivers\STM32L0xx_HAL_Driver\Src\stm32l0xx_hal_pwr_ex.c 0x00000000   Number         0  stm32l0xx_hal_pwr_ex.o ABSOLUTE
    ..\Drivers\STM32L0xx_HAL_Driver\Src\stm32l0xx_hal_rcc.c 0x00000000   Number         0  stm32l0xx_hal_rcc.o ABSOLUTE
    ..\Drivers\STM32L0xx_HAL_Driver\Src\stm32l0xx_hal_rcc_ex.c 0x00000000   Number         0  stm32l0xx_hal_rcc_ex.o ABSOLUTE
    ..\Drivers\STM32L0xx_HAL_Driver\Src\stm32l0xx_hal_spi.c 0x00000000   Number         0  stm32l0xx_hal_spi.o ABSOLUTE
    ..\Drivers\STM32L0xx_HAL_Driver\Src\stm32l0xx_hal_tim.c 0x00000000   Number         0  stm32l0xx_hal_tim.o ABSOLUTE
    ..\Drivers\STM32L0xx_HAL_Driver\Src\stm32l0xx_hal_tim_ex.c 0x00000000   Number         0  stm32l0xx_hal_tim_ex.o ABSOLUTE
    ..\\BSP\\EEPROM\\EEPROM.c                0x00000000   Number         0  eeprom.o ABSOLUTE
    ..\\BSP\\EPaper\\Config\\DEV_Config.c    0x00000000   Number         0  dev_config.o ABSOLUTE
    ..\\BSP\\EPaper\\e-Paper\\EPD_1in54_V2.c 0x00000000   Number         0  epd_1in54_v2.o ABSOLUTE
    ..\\BSP\\KEY\\key.c                      0x00000000   Number         0  key.o ABSOLUTE
    ..\\BSP\\RC522\\RC522.c                  0x00000000   Number         0  rc522.o ABSOLUTE
    ..\\BSP\\Soft_SPI\\Soft_SPI.c            0x00000000   Number         0  soft_spi.o ABSOLUTE
    cdrcmple.s                               0x00000000   Number         0  cdrcmple.o ABSOLUTE
    dc.s                                     0x00000000   Number         0  dc.o ABSOLUTE
    handlers.s                               0x00000000   Number         0  handlers.o ABSOLUTE
    init.s                                   0x00000000   Number         0  init.o ABSOLUTE
    startup_stm32l051xx.s                    0x00000000   Number         0  startup_stm32l051xx.o ABSOLUTE
    RESET                                    0x08000000   Section      192  startup_stm32l051xx.o(RESET)
    .ARM.Collect$$$$00000000                 0x080000c0   Section        0  entry.o(.ARM.Collect$$$$00000000)
    .ARM.Collect$$$$00000001                 0x080000c0   Section        4  entry2.o(.ARM.Collect$$$$00000001)
    .ARM.Collect$$$$00000004                 0x080000c4   Section        4  entry5.o(.ARM.Collect$$$$00000004)
    .ARM.Collect$$$$00000008                 0x080000c8   Section        0  entry7b.o(.ARM.Collect$$$$00000008)
    .ARM.Collect$$$$0000000A                 0x080000c8   Section        0  entry8b.o(.ARM.Collect$$$$0000000A)
    .ARM.Collect$$$$0000000B                 0x080000c8   Section        8  entry9a.o(.ARM.Collect$$$$0000000B)
    .ARM.Collect$$$$0000000E                 0x080000d0   Section        4  entry12b.o(.ARM.Collect$$$$0000000E)
    .ARM.Collect$$$$0000000F                 0x080000d4   Section        0  entry10a.o(.ARM.Collect$$$$0000000F)
    .ARM.Collect$$$$00000011                 0x080000d4   Section        0  entry11a.o(.ARM.Collect$$$$00000011)
    .ARM.Collect$$$$00002712                 0x080000d4   Section        4  entry2.o(.ARM.Collect$$$$00002712)
    __lit__00000000                          0x080000d4   Data           4  entry2.o(.ARM.Collect$$$$00002712)
    .text                                    0x080000d8   Section       28  startup_stm32l051xx.o(.text)
    .text                                    0x080000f4   Section        0  uidiv.o(.text)
    .text                                    0x08000120   Section        0  uldiv.o(.text)
    .text                                    0x08000180   Section        0  memcpya.o(.text)
    .text                                    0x080001a4   Section        0  memseta.o(.text)
    .text                                    0x080001c8   Section        0  memcmp.o(.text)
    .text                                    0x080001e2   Section        0  llshl.o(.text)
    .text                                    0x08000202   Section        0  llushr.o(.text)
    .text                                    0x08000224   Section       36  init.o(.text)
    .text                                    0x08000248   Section        0  __dczerorl2.o(.text)
    i.CalculateCRC                           0x0800029e   Section        0  rc522.o(i.CalculateCRC)
    i.ClearBitMask                           0x08000300   Section        0  rc522.o(i.ClearBitMask)
    i.DEV_Module_Exit                        0x08000318   Section        0  dev_config.o(i.DEV_Module_Exit)
    i.DEV_Module_Init                        0x08000344   Section        0  dev_config.o(i.DEV_Module_Init)
    i.DEV_SPI_WriteByte                      0x08000370   Section        0  dev_config.o(i.DEV_SPI_WriteByte)
    i.EEPROM_READ                            0x08000388   Section        0  eeprom.o(i.EEPROM_READ)
    i.EEPROM_Read_W_CHECK                    0x080003a8   Section        0  eeprom.o(i.EEPROM_Read_W_CHECK)
    i.EEPROM_WRITE                           0x08000418   Section        0  eeprom.o(i.EEPROM_WRITE)
    i.EEPROM_Write_W_CHECK                   0x0800044c   Section        0  eeprom.o(i.EEPROM_Write_W_CHECK)
    i.EPD_1IN54_V2_Clear                     0x0800049a   Section        0  epd_1in54_v2.o(i.EPD_1IN54_V2_Clear)
    i.EPD_1IN54_V2_Display                   0x080004e6   Section        0  epd_1in54_v2.o(i.EPD_1IN54_V2_Display)
    i.EPD_1IN54_V2_Init                      0x08000524   Section        0  epd_1in54_v2.o(i.EPD_1IN54_V2_Init)
    i.EPD_1IN54_V2_Init_Partial              0x080005ac   Section        0  epd_1in54_v2.o(i.EPD_1IN54_V2_Init_Partial)
    i.EPD_1IN54_V2_ReadBusy                  0x08000628   Section        0  epd_1in54_v2.o(i.EPD_1IN54_V2_ReadBusy)
    EPD_1IN54_V2_ReadBusy                    0x08000629   Thumb Code    38  epd_1in54_v2.o(i.EPD_1IN54_V2_ReadBusy)
    i.EPD_1IN54_V2_Reset                     0x0800068c   Section        0  epd_1in54_v2.o(i.EPD_1IN54_V2_Reset)
    EPD_1IN54_V2_Reset                       0x0800068d   Thumb Code    54  epd_1in54_v2.o(i.EPD_1IN54_V2_Reset)
    i.EPD_1IN54_V2_SendCommand               0x080006c8   Section        0  epd_1in54_v2.o(i.EPD_1IN54_V2_SendCommand)
    EPD_1IN54_V2_SendCommand                 0x080006c9   Thumb Code    46  epd_1in54_v2.o(i.EPD_1IN54_V2_SendCommand)
    i.EPD_1IN54_V2_SendData                  0x080006fc   Section        0  epd_1in54_v2.o(i.EPD_1IN54_V2_SendData)
    EPD_1IN54_V2_SendData                    0x080006fd   Thumb Code    46  epd_1in54_v2.o(i.EPD_1IN54_V2_SendData)
    i.EPD_1IN54_V2_SetCursor                 0x08000730   Section        0  epd_1in54_v2.o(i.EPD_1IN54_V2_SetCursor)
    EPD_1IN54_V2_SetCursor                   0x08000731   Thumb Code    38  epd_1in54_v2.o(i.EPD_1IN54_V2_SetCursor)
    i.EPD_1IN54_V2_SetLut                    0x08000756   Section        0  epd_1in54_v2.o(i.EPD_1IN54_V2_SetLut)
    EPD_1IN54_V2_SetLut                      0x08000757   Thumb Code    94  epd_1in54_v2.o(i.EPD_1IN54_V2_SetLut)
    i.EPD_1IN54_V2_SetWindows                0x080007b4   Section        0  epd_1in54_v2.o(i.EPD_1IN54_V2_SetWindows)
    EPD_1IN54_V2_SetWindows                  0x080007b5   Thumb Code    64  epd_1in54_v2.o(i.EPD_1IN54_V2_SetWindows)
    i.EPD_1IN54_V2_Sleep                     0x080007f4   Section        0  epd_1in54_v2.o(i.EPD_1IN54_V2_Sleep)
    i.EPD_1IN54_V2_TurnOnDisplay             0x0800080a   Section        0  epd_1in54_v2.o(i.EPD_1IN54_V2_TurnOnDisplay)
    i.EPD_1IN54_V2_TurnOnDisplayPart         0x08000824   Section        0  epd_1in54_v2.o(i.EPD_1IN54_V2_TurnOnDisplayPart)
    i.Error_Handler                          0x0800083e   Section        0  main.o(i.Error_Handler)
    i.FLASH_SetErrorCode                     0x08000844   Section        0  stm32l0xx_hal_flash.o(i.FLASH_SetErrorCode)
    FLASH_SetErrorCode                       0x08000845   Thumb Code   134  stm32l0xx_hal_flash.o(i.FLASH_SetErrorCode)
    i.FLASH_WaitForLastOperation             0x080008d4   Section        0  stm32l0xx_hal_flash.o(i.FLASH_WaitForLastOperation)
    i.HAL_Delay                              0x08000944   Section        0  stm32l0xx_hal.o(i.HAL_Delay)
    i.HAL_FLASHEx_DATAEEPROM_Lock            0x08000968   Section        0  stm32l0xx_hal_flash_ex.o(i.HAL_FLASHEx_DATAEEPROM_Lock)
    i.HAL_FLASHEx_DATAEEPROM_Program         0x0800097c   Section        0  stm32l0xx_hal_flash_ex.o(i.HAL_FLASHEx_DATAEEPROM_Program)
    i.HAL_FLASHEx_DATAEEPROM_Unlock          0x080009d4   Section        0  stm32l0xx_hal_flash_ex.o(i.HAL_FLASHEx_DATAEEPROM_Unlock)
    i.HAL_GPIO_Init                          0x08000a08   Section        0  stm32l0xx_hal_gpio.o(i.HAL_GPIO_Init)
    i.HAL_GPIO_ReadPin                       0x08000bb8   Section        0  stm32l0xx_hal_gpio.o(i.HAL_GPIO_ReadPin)
    i.HAL_GPIO_WritePin                      0x08000bc2   Section        0  stm32l0xx_hal_gpio.o(i.HAL_GPIO_WritePin)
    i.HAL_GetTick                            0x08000bd0   Section        0  stm32l0xx_hal.o(i.HAL_GetTick)
    i.HAL_IncTick                            0x08000bdc   Section        0  stm32l0xx_hal.o(i.HAL_IncTick)
    i.HAL_Init                               0x08000bec   Section        0  stm32l0xx_hal.o(i.HAL_Init)
    i.HAL_InitTick                           0x08000c14   Section        0  stm32l0xx_hal.o(i.HAL_InitTick)
    i.HAL_MspInit                            0x08000c58   Section        0  stm32l0xx_hal_msp.o(i.HAL_MspInit)
    i.HAL_NVIC_EnableIRQ                     0x08000ca0   Section        0  stm32l0xx_hal_cortex.o(i.HAL_NVIC_EnableIRQ)
    i.HAL_NVIC_SetPriority                   0x08000cb8   Section        0  stm32l0xx_hal_cortex.o(i.HAL_NVIC_SetPriority)
    i.HAL_PWR_ConfigPVD                      0x08000cc0   Section        0  stm32l0xx_hal_pwr.o(i.HAL_PWR_ConfigPVD)
    i.HAL_PWR_EnablePVD                      0x08000d28   Section        0  stm32l0xx_hal_pwr.o(i.HAL_PWR_EnablePVD)
    i.HAL_PWR_PVDCallback                    0x08000d38   Section        0  stm32l0xx_hal_pwr.o(i.HAL_PWR_PVDCallback)
    i.HAL_PWR_PVD_IRQHandler                 0x08000d3c   Section        0  stm32l0xx_hal_pwr.o(i.HAL_PWR_PVD_IRQHandler)
    i.HAL_RCC_ClockConfig                    0x08000d58   Section        0  stm32l0xx_hal_rcc.o(i.HAL_RCC_ClockConfig)
    i.HAL_RCC_GetSysClockFreq                0x08000ef4   Section        0  stm32l0xx_hal_rcc.o(i.HAL_RCC_GetSysClockFreq)
    i.HAL_RCC_OscConfig                      0x08000f6c   Section        0  stm32l0xx_hal_rcc.o(i.HAL_RCC_OscConfig)
    i.HAL_SPI_Init                           0x08001392   Section        0  stm32l0xx_hal_spi.o(i.HAL_SPI_Init)
    i.HAL_SPI_MspInit                        0x08001448   Section        0  spi.o(i.HAL_SPI_MspInit)
    i.HAL_SPI_Transmit                       0x080014a0   Section        0  stm32l0xx_hal_spi.o(i.HAL_SPI_Transmit)
    i.HAL_SYSTICK_Config                     0x08001600   Section        0  stm32l0xx_hal_cortex.o(i.HAL_SYSTICK_Config)
    i.HardFault_Handler                      0x08001630   Section        0  stm32l0xx_it.o(i.HardFault_Handler)
    i.KeyScan                                0x08001634   Section        0  key.o(i.KeyScan)
    i.MX_GPIO_Init                           0x080016bc   Section        0  gpio.o(i.MX_GPIO_Init)
    i.MX_SPI1_Init                           0x08001748   Section        0  spi.o(i.MX_SPI1_Init)
    i.NMI_Handler                            0x08001788   Section        0  stm32l0xx_it.o(i.NMI_Handler)
    i.PVD_IRQHandler                         0x0800178a   Section        0  stm32l0xx_it.o(i.PVD_IRQHandler)
    i.PcdAnticoll                            0x08001792   Section        0  rc522.o(i.PcdAnticoll)
    i.PcdAuthState                           0x080017fa   Section        0  rc522.o(i.PcdAuthState)
    i.PcdComMF522                            0x0800184a   Section        0  rc522.o(i.PcdComMF522)
    i.PcdRead                                0x08001962   Section        0  rc522.o(i.PcdRead)
    i.PcdRequest                             0x080019ac   Section        0  rc522.o(i.PcdRequest)
    i.PcdSelect                              0x080019fe   Section        0  rc522.o(i.PcdSelect)
    i.PcdWrite                               0x08001a60   Section        0  rc522.o(i.PcdWrite)
    i.PendSV_Handler                         0x08001ae2   Section        0  stm32l0xx_it.o(i.PendSV_Handler)
    i.RC522_Init                             0x08001ae4   Section        0  rc522.o(i.RC522_Init)
    i.RC522_Port_Init                        0x08001b78   Section        0  rc522.o(i.RC522_Port_Init)
    i.RC522_PowerOff                         0x08001bac   Section        0  rc522.o(i.RC522_PowerOff)
    i.RC522_ReadReg                          0x08001bc0   Section        0  rc522.o(i.RC522_ReadReg)
    i.RC522_WriteReg                         0x08001bd4   Section        0  rc522.o(i.RC522_WriteReg)
    i.RST_Pin_Init                           0x08001be8   Section        0  rc522.o(i.RST_Pin_Init)
    i.SPI_CS_SET                             0x08001c30   Section        0  soft_spi.o(i.SPI_CS_SET)
    i.SPI_EndRxTxTransaction                 0x08001c44   Section        0  stm32l0xx_hal_spi.o(i.SPI_EndRxTxTransaction)
    SPI_EndRxTxTransaction                   0x08001c45   Thumb Code    88  stm32l0xx_hal_spi.o(i.SPI_EndRxTxTransaction)
    i.SPI_GpioInit                           0x08001ca4   Section        0  soft_spi.o(i.SPI_GpioInit)
    i.SPI_MISO_Read                          0x08001d20   Section        0  soft_spi.o(i.SPI_MISO_Read)
    i.SPI_MOSI_SET                           0x08001d32   Section        0  soft_spi.o(i.SPI_MOSI_SET)
    i.SPI_ReadByte                           0x08001d46   Section        0  soft_spi.o(i.SPI_ReadByte)
    i.SPI_SCLK_SET                           0x08001dd2   Section        0  soft_spi.o(i.SPI_SCLK_SET)
    i.SPI_WaitFlagStateUntilTimeout          0x08001de8   Section        0  stm32l0xx_hal_spi.o(i.SPI_WaitFlagStateUntilTimeout)
    SPI_WaitFlagStateUntilTimeout            0x08001de9   Thumb Code   180  stm32l0xx_hal_spi.o(i.SPI_WaitFlagStateUntilTimeout)
    i.SPI_WriteByte                          0x08001ea0   Section        0  soft_spi.o(i.SPI_WriteByte)
    i.SVC_Handler                            0x08001f24   Section        0  stm32l0xx_it.o(i.SVC_Handler)
    i.SetBitMask                             0x08001f26   Section        0  rc522.o(i.SetBitMask)
    i.SysTick_Handler                        0x08001f3c   Section        0  stm32l0xx_it.o(i.SysTick_Handler)
    i.SystemClock_Config                     0x08001f44   Section        0  main.o(i.SystemClock_Config)
    i.SystemInit                             0x08001fac   Section        0  system_stm32l0xx.o(i.SystemInit)
    i.User_EPD_Display_Part                  0x08001fae   Section        0  epd_1in54_v2.o(i.User_EPD_Display_Part)
    i.__0printf$bare                         0x0800202c   Section        0  printfb.o(i.__0printf$bare)
    i.__ARM_common_ll_muluu                  0x08002040   Section        0  stm32l0xx_hal_rcc.o(i.__ARM_common_ll_muluu)
    i.__NVIC_SetPriority                     0x08002070   Section        0  stm32l0xx_hal_cortex.o(i.__NVIC_SetPriority)
    __NVIC_SetPriority                       0x08002071   Thumb Code    60  stm32l0xx_hal_cortex.o(i.__NVIC_SetPriority)
    i.__scatterload_copy                     0x080020b4   Section       14  handlers.o(i.__scatterload_copy)
    i.__scatterload_null                     0x080020c2   Section        2  handlers.o(i.__scatterload_null)
    i.__scatterload_zeroinit                 0x080020c4   Section       14  handlers.o(i.__scatterload_zeroinit)
    i._printf_core                           0x080020d2   Section        0  printfb.o(i._printf_core)
    _printf_core                             0x080020d3   Thumb Code    30  printfb.o(i._printf_core)
    i.fputc                                  0x080020f0   Section        0  main.o(i.fputc)
    i.free                                   0x080020f4   Section        0  malloc.o(i.free)
    i.key_port_init                          0x08002148   Section        0  key.o(i.key_port_init)
    i.main                                   0x08002180   Section        0  main.o(i.main)
    i.malloc                                 0x08002418   Section        0  malloc.o(i.malloc)
    .constdata                               0x08002484   Section     5000  usergui.o(.constdata)
    .constdata                               0x0800380c   Section       96  usergui.o(.constdata)
    .constdata                               0x0800386c   Section       25  system_stm32l0xx.o(.constdata)
    .data                                    0x20000000   Section       15  main.o(.data)
    .data                                    0x2000000f   Section        1  key.o(.data)
    key_up                                   0x2000000f   Data           1  key.o(.data)
    .data                                    0x20000010   Section       24  rc522.o(.data)
    .data                                    0x20000028   Section      318  epd_1in54_v2.o(.data)
    .data                                    0x20000168   Section       12  stm32l0xx_hal.o(.data)
    .data                                    0x20000174   Section        4  system_stm32l0xx.o(.data)
    .data                                    0x20000178   Section        4  stdout.o(.data)
    .data                                    0x2000017c   Section        4  mvars.o(.data)
    .data                                    0x20000180   Section        4  mvars.o(.data)
    .bss                                     0x20000184   Section       88  spi.o(.bss)
    .bss                                     0x200001dc   Section       24  stm32l0xx_hal_flash.o(.bss)
    HEAP                                     0x200001f8   Section      512  startup_stm32l051xx.o(HEAP)
    STACK                                    0x200003f8   Section     1024  startup_stm32l051xx.o(STACK)

    Global Symbols

    Symbol Name                              Value     Ov Type        Size  Object(Section)

    BuildAttributes$$THM_ISAv3M$S$PE$A:L22$X:L11$S22$IEEE1$IW$USESV6$~STKCKD$USESV7$~SHL$OSPACE$ROPI$EBA8$MICROLIB$REQ8$PRES8$EABIv2 0x00000000   Number         0  anon$$obj.o ABSOLUTE
    __ARM_use_no_argv                        0x00000000   Number         0  main.o ABSOLUTE
    __arm_fini_                               - Undefined Weak Reference
    __cpp_initialize__aeabi_                  - Undefined Weak Reference
    __cxa_finalize                            - Undefined Weak Reference
    _clock_init                               - Undefined Weak Reference
    _microlib_exit                            - Undefined Weak Reference
    __Vectors_Size                           0x000000c0   Number         0  startup_stm32l051xx.o ABSOLUTE
    __Vectors                                0x08000000   Data           4  startup_stm32l051xx.o(RESET)
    __Vectors_End                            0x080000c0   Data           0  startup_stm32l051xx.o(RESET)
    __main                                   0x080000c1   Thumb Code     0  entry.o(.ARM.Collect$$$$00000000)
    _main_stk                                0x080000c1   Thumb Code     0  entry2.o(.ARM.Collect$$$$00000001)
    _main_scatterload                        0x080000c5   Thumb Code     0  entry5.o(.ARM.Collect$$$$00000004)
    __main_after_scatterload                 0x080000c9   Thumb Code     0  entry5.o(.ARM.Collect$$$$00000004)
    _main_clock                              0x080000c9   Thumb Code     0  entry7b.o(.ARM.Collect$$$$00000008)
    _main_cpp_init                           0x080000c9   Thumb Code     0  entry8b.o(.ARM.Collect$$$$0000000A)
    _main_init                               0x080000c9   Thumb Code     0  entry9a.o(.ARM.Collect$$$$0000000B)
    __rt_lib_shutdown_fini                   0x080000d1   Thumb Code     0  entry12b.o(.ARM.Collect$$$$0000000E)
    __rt_final_cpp                           0x080000d5   Thumb Code     0  entry10a.o(.ARM.Collect$$$$0000000F)
    __rt_final_exit                          0x080000d5   Thumb Code     0  entry11a.o(.ARM.Collect$$$$00000011)
    Reset_Handler                            0x080000d9   Thumb Code     8  startup_stm32l051xx.o(.text)
    ADC1_COMP_IRQHandler                     0x080000eb   Thumb Code     0  startup_stm32l051xx.o(.text)
    DMA1_Channel1_IRQHandler                 0x080000eb   Thumb Code     0  startup_stm32l051xx.o(.text)
    DMA1_Channel2_3_IRQHandler               0x080000eb   Thumb Code     0  startup_stm32l051xx.o(.text)
    DMA1_Channel4_5_6_7_IRQHandler           0x080000eb   Thumb Code     0  startup_stm32l051xx.o(.text)
    EXTI0_1_IRQHandler                       0x080000eb   Thumb Code     0  startup_stm32l051xx.o(.text)
    EXTI2_3_IRQHandler                       0x080000eb   Thumb Code     0  startup_stm32l051xx.o(.text)
    EXTI4_15_IRQHandler                      0x080000eb   Thumb Code     0  startup_stm32l051xx.o(.text)
    FLASH_IRQHandler                         0x080000eb   Thumb Code     0  startup_stm32l051xx.o(.text)
    I2C1_IRQHandler                          0x080000eb   Thumb Code     0  startup_stm32l051xx.o(.text)
    I2C2_IRQHandler                          0x080000eb   Thumb Code     0  startup_stm32l051xx.o(.text)
    LPTIM1_IRQHandler                        0x080000eb   Thumb Code     0  startup_stm32l051xx.o(.text)
    LPUART1_IRQHandler                       0x080000eb   Thumb Code     0  startup_stm32l051xx.o(.text)
    RCC_IRQHandler                           0x080000eb   Thumb Code     0  startup_stm32l051xx.o(.text)
    RTC_IRQHandler                           0x080000eb   Thumb Code     0  startup_stm32l051xx.o(.text)
    SPI1_IRQHandler                          0x080000eb   Thumb Code     0  startup_stm32l051xx.o(.text)
    SPI2_IRQHandler                          0x080000eb   Thumb Code     0  startup_stm32l051xx.o(.text)
    TIM21_IRQHandler                         0x080000eb   Thumb Code     0  startup_stm32l051xx.o(.text)
    TIM22_IRQHandler                         0x080000eb   Thumb Code     0  startup_stm32l051xx.o(.text)
    TIM2_IRQHandler                          0x080000eb   Thumb Code     0  startup_stm32l051xx.o(.text)
    TIM6_IRQHandler                          0x080000eb   Thumb Code     0  startup_stm32l051xx.o(.text)
    USART1_IRQHandler                        0x080000eb   Thumb Code     0  startup_stm32l051xx.o(.text)
    USART2_IRQHandler                        0x080000eb   Thumb Code     0  startup_stm32l051xx.o(.text)
    WWDG_IRQHandler                          0x080000eb   Thumb Code     0  startup_stm32l051xx.o(.text)
    __aeabi_uidiv                            0x080000f5   Thumb Code     0  uidiv.o(.text)
    __aeabi_uidivmod                         0x080000f5   Thumb Code    44  uidiv.o(.text)
    __aeabi_uldivmod                         0x08000121   Thumb Code    96  uldiv.o(.text)
    __aeabi_memcpy                           0x08000181   Thumb Code    36  memcpya.o(.text)
    __aeabi_memcpy4                          0x08000181   Thumb Code     0  memcpya.o(.text)
    __aeabi_memcpy8                          0x08000181   Thumb Code     0  memcpya.o(.text)
    __aeabi_memset                           0x080001a5   Thumb Code    14  memseta.o(.text)
    __aeabi_memset4                          0x080001a5   Thumb Code     0  memseta.o(.text)
    __aeabi_memset8                          0x080001a5   Thumb Code     0  memseta.o(.text)
    __aeabi_memclr                           0x080001b3   Thumb Code     4  memseta.o(.text)
    __aeabi_memclr4                          0x080001b3   Thumb Code     0  memseta.o(.text)
    __aeabi_memclr8                          0x080001b3   Thumb Code     0  memseta.o(.text)
    _memset$wrapper                          0x080001b7   Thumb Code    18  memseta.o(.text)
    memcmp                                   0x080001c9   Thumb Code    26  memcmp.o(.text)
    __aeabi_llsl                             0x080001e3   Thumb Code    32  llshl.o(.text)
    _ll_shift_l                              0x080001e3   Thumb Code     0  llshl.o(.text)
    __aeabi_llsr                             0x08000203   Thumb Code    34  llushr.o(.text)
    _ll_ushift_r                             0x08000203   Thumb Code     0  llushr.o(.text)
    __scatterload                            0x08000225   Thumb Code    28  init.o(.text)
    __scatterload_rt2                        0x08000225   Thumb Code     0  init.o(.text)
    __decompress                             0x08000249   Thumb Code     0  __dczerorl2.o(.text)
    __decompress1                            0x08000249   Thumb Code    86  __dczerorl2.o(.text)
    CalculateCRC                             0x0800029f   Thumb Code    98  rc522.o(i.CalculateCRC)
    ClearBitMask                             0x08000301   Thumb Code    22  rc522.o(i.ClearBitMask)
    DEV_Module_Exit                          0x08000319   Thumb Code    38  dev_config.o(i.DEV_Module_Exit)
    DEV_Module_Init                          0x08000345   Thumb Code    40  dev_config.o(i.DEV_Module_Init)
    DEV_SPI_WriteByte                        0x08000371   Thumb Code    18  dev_config.o(i.DEV_SPI_WriteByte)
    EEPROM_READ                              0x08000389   Thumb Code    26  eeprom.o(i.EEPROM_READ)
    EEPROM_Read_W_CHECK                      0x080003a9   Thumb Code   112  eeprom.o(i.EEPROM_Read_W_CHECK)
    EEPROM_WRITE                             0x08000419   Thumb Code    46  eeprom.o(i.EEPROM_WRITE)
    EEPROM_Write_W_CHECK                     0x0800044d   Thumb Code    78  eeprom.o(i.EEPROM_Write_W_CHECK)
    EPD_1IN54_V2_Clear                       0x0800049b   Thumb Code    76  epd_1in54_v2.o(i.EPD_1IN54_V2_Clear)
    EPD_1IN54_V2_Display                     0x080004e7   Thumb Code    60  epd_1in54_v2.o(i.EPD_1IN54_V2_Display)
    EPD_1IN54_V2_Init                        0x08000525   Thumb Code   130  epd_1in54_v2.o(i.EPD_1IN54_V2_Init)
    EPD_1IN54_V2_Init_Partial                0x080005ad   Thumb Code   118  epd_1in54_v2.o(i.EPD_1IN54_V2_Init_Partial)
    EPD_1IN54_V2_Sleep                       0x080007f5   Thumb Code    22  epd_1in54_v2.o(i.EPD_1IN54_V2_Sleep)
    EPD_1IN54_V2_TurnOnDisplay               0x0800080b   Thumb Code    26  epd_1in54_v2.o(i.EPD_1IN54_V2_TurnOnDisplay)
    EPD_1IN54_V2_TurnOnDisplayPart           0x08000825   Thumb Code    26  epd_1in54_v2.o(i.EPD_1IN54_V2_TurnOnDisplayPart)
    Error_Handler                            0x0800083f   Thumb Code     4  main.o(i.Error_Handler)
    FLASH_WaitForLastOperation               0x080008d5   Thumb Code   106  stm32l0xx_hal_flash.o(i.FLASH_WaitForLastOperation)
    HAL_Delay                                0x08000945   Thumb Code    32  stm32l0xx_hal.o(i.HAL_Delay)
    HAL_FLASHEx_DATAEEPROM_Lock              0x08000969   Thumb Code    14  stm32l0xx_hal_flash_ex.o(i.HAL_FLASHEx_DATAEEPROM_Lock)
    HAL_FLASHEx_DATAEEPROM_Program           0x0800097d   Thumb Code    78  stm32l0xx_hal_flash_ex.o(i.HAL_FLASHEx_DATAEEPROM_Program)
    HAL_FLASHEx_DATAEEPROM_Unlock            0x080009d5   Thumb Code    40  stm32l0xx_hal_flash_ex.o(i.HAL_FLASHEx_DATAEEPROM_Unlock)
    HAL_GPIO_Init                            0x08000a09   Thumb Code   402  stm32l0xx_hal_gpio.o(i.HAL_GPIO_Init)
    HAL_GPIO_ReadPin                         0x08000bb9   Thumb Code    10  stm32l0xx_hal_gpio.o(i.HAL_GPIO_ReadPin)
    HAL_GPIO_WritePin                        0x08000bc3   Thumb Code    12  stm32l0xx_hal_gpio.o(i.HAL_GPIO_WritePin)
    HAL_GetTick                              0x08000bd1   Thumb Code     6  stm32l0xx_hal.o(i.HAL_GetTick)
    HAL_IncTick                              0x08000bdd   Thumb Code    12  stm32l0xx_hal.o(i.HAL_IncTick)
    HAL_Init                                 0x08000bed   Thumb Code    36  stm32l0xx_hal.o(i.HAL_Init)
    HAL_InitTick                             0x08000c15   Thumb Code    58  stm32l0xx_hal.o(i.HAL_InitTick)
    HAL_MspInit                              0x08000c59   Thumb Code    62  stm32l0xx_hal_msp.o(i.HAL_MspInit)
    HAL_NVIC_EnableIRQ                       0x08000ca1   Thumb Code    18  stm32l0xx_hal_cortex.o(i.HAL_NVIC_EnableIRQ)
    HAL_NVIC_SetPriority                     0x08000cb9   Thumb Code     8  stm32l0xx_hal_cortex.o(i.HAL_NVIC_SetPriority)
    HAL_PWR_ConfigPVD                        0x08000cc1   Thumb Code    94  stm32l0xx_hal_pwr.o(i.HAL_PWR_ConfigPVD)
    HAL_PWR_EnablePVD                        0x08000d29   Thumb Code    12  stm32l0xx_hal_pwr.o(i.HAL_PWR_EnablePVD)
    HAL_PWR_PVDCallback                      0x08000d39   Thumb Code     2  stm32l0xx_hal_pwr.o(i.HAL_PWR_PVDCallback)
    HAL_PWR_PVD_IRQHandler                   0x08000d3d   Thumb Code    22  stm32l0xx_hal_pwr.o(i.HAL_PWR_PVD_IRQHandler)
    HAL_RCC_ClockConfig                      0x08000d59   Thumb Code   386  stm32l0xx_hal_rcc.o(i.HAL_RCC_ClockConfig)
    HAL_RCC_GetSysClockFreq                  0x08000ef5   Thumb Code   108  stm32l0xx_hal_rcc.o(i.HAL_RCC_GetSysClockFreq)
    HAL_RCC_OscConfig                        0x08000f6d   Thumb Code  1062  stm32l0xx_hal_rcc.o(i.HAL_RCC_OscConfig)
    HAL_SPI_Init                             0x08001393   Thumb Code   182  stm32l0xx_hal_spi.o(i.HAL_SPI_Init)
    HAL_SPI_MspInit                          0x08001449   Thumb Code    78  spi.o(i.HAL_SPI_MspInit)
    HAL_SPI_Transmit                         0x080014a1   Thumb Code   352  stm32l0xx_hal_spi.o(i.HAL_SPI_Transmit)
    HAL_SYSTICK_Config                       0x08001601   Thumb Code    38  stm32l0xx_hal_cortex.o(i.HAL_SYSTICK_Config)
    HardFault_Handler                        0x08001631   Thumb Code     2  stm32l0xx_it.o(i.HardFault_Handler)
    KeyScan                                  0x08001635   Thumb Code   132  key.o(i.KeyScan)
    MX_GPIO_Init                             0x080016bd   Thumb Code   128  gpio.o(i.MX_GPIO_Init)
    MX_SPI1_Init                             0x08001749   Thumb Code    56  spi.o(i.MX_SPI1_Init)
    NMI_Handler                              0x08001789   Thumb Code     2  stm32l0xx_it.o(i.NMI_Handler)
    PVD_IRQHandler                           0x0800178b   Thumb Code     8  stm32l0xx_it.o(i.PVD_IRQHandler)
    PcdAnticoll                              0x08001793   Thumb Code   104  rc522.o(i.PcdAnticoll)
    PcdAuthState                             0x080017fb   Thumb Code    80  rc522.o(i.PcdAuthState)
    PcdComMF522                              0x0800184b   Thumb Code   280  rc522.o(i.PcdComMF522)
    PcdRead                                  0x08001963   Thumb Code    74  rc522.o(i.PcdRead)
    PcdRequest                               0x080019ad   Thumb Code    82  rc522.o(i.PcdRequest)
    PcdSelect                                0x080019ff   Thumb Code    98  rc522.o(i.PcdSelect)
    PcdWrite                                 0x08001a61   Thumb Code   130  rc522.o(i.PcdWrite)
    PendSV_Handler                           0x08001ae3   Thumb Code     2  stm32l0xx_it.o(i.PendSV_Handler)
    RC522_Init                               0x08001ae5   Thumb Code   148  rc522.o(i.RC522_Init)
    RC522_Port_Init                          0x08001b79   Thumb Code    44  rc522.o(i.RC522_Port_Init)
    RC522_PowerOff                           0x08001bad   Thumb Code    18  rc522.o(i.RC522_PowerOff)
    RC522_ReadReg                            0x08001bc1   Thumb Code    16  rc522.o(i.RC522_ReadReg)
    RC522_WriteReg                           0x08001bd5   Thumb Code    16  rc522.o(i.RC522_WriteReg)
    RST_Pin_Init                             0x08001be9   Thumb Code    66  rc522.o(i.RST_Pin_Init)
    SPI_CS_SET                               0x08001c31   Thumb Code    20  soft_spi.o(i.SPI_CS_SET)
    SPI_GpioInit                             0x08001ca5   Thumb Code   124  soft_spi.o(i.SPI_GpioInit)
    SPI_MISO_Read                            0x08001d21   Thumb Code    18  soft_spi.o(i.SPI_MISO_Read)
    SPI_MOSI_SET                             0x08001d33   Thumb Code    20  soft_spi.o(i.SPI_MOSI_SET)
    SPI_ReadByte                             0x08001d47   Thumb Code   140  soft_spi.o(i.SPI_ReadByte)
    SPI_SCLK_SET                             0x08001dd3   Thumb Code    20  soft_spi.o(i.SPI_SCLK_SET)
    SPI_WriteByte                            0x08001ea1   Thumb Code   132  soft_spi.o(i.SPI_WriteByte)
    SVC_Handler                              0x08001f25   Thumb Code     2  stm32l0xx_it.o(i.SVC_Handler)
    SetBitMask                               0x08001f27   Thumb Code    22  rc522.o(i.SetBitMask)
    SysTick_Handler                          0x08001f3d   Thumb Code     8  stm32l0xx_it.o(i.SysTick_Handler)
    SystemClock_Config                       0x08001f45   Thumb Code   100  main.o(i.SystemClock_Config)
    SystemInit                               0x08001fad   Thumb Code     2  system_stm32l0xx.o(i.SystemInit)
    User_EPD_Display_Part                    0x08001faf   Thumb Code   124  epd_1in54_v2.o(i.User_EPD_Display_Part)
    __0printf$bare                           0x0800202d   Thumb Code    12  printfb.o(i.__0printf$bare)
    __1printf$bare                           0x0800202d   Thumb Code     0  printfb.o(i.__0printf$bare)
    __2printf                                0x0800202d   Thumb Code     0  printfb.o(i.__0printf$bare)
    __ARM_common_ll_muluu                    0x08002041   Thumb Code    48  stm32l0xx_hal_rcc.o(i.__ARM_common_ll_muluu)
    __scatterload_copy                       0x080020b5   Thumb Code    14  handlers.o(i.__scatterload_copy)
    __scatterload_null                       0x080020c3   Thumb Code     2  handlers.o(i.__scatterload_null)
    __scatterload_zeroinit                   0x080020c5   Thumb Code    14  handlers.o(i.__scatterload_zeroinit)
    fputc                                    0x080020f1   Thumb Code     2  main.o(i.fputc)
    free                                     0x080020f5   Thumb Code    80  malloc.o(i.free)
    key_port_init                            0x08002149   Thumb Code    52  key.o(i.key_port_init)
    main                                     0x08002181   Thumb Code   648  main.o(i.main)
    malloc                                   0x08002419   Thumb Code    92  malloc.o(i.malloc)
    gImage_MainPic                           0x08002484   Data        5000  usergui.o(.constdata)
    gImage_PointerPic                        0x0800380c   Data          96  usergui.o(.constdata)
    AHBPrescTable                            0x0800386c   Data          16  system_stm32l0xx.o(.constdata)
    PLLMulTable                              0x0800387c   Data           9  system_stm32l0xx.o(.constdata)
    Region$$Table$$Base                      0x08003888   Number         0  anon$$obj.o(Region$$Table)
    Region$$Table$$Limit                     0x080038a8   Number         0  anon$$obj.o(Region$$Table)
    RC522_ERRO                               0x20000000   Data           1  main.o(.data)
    EEPROM_ERRO                              0x20000001   Data           1  main.o(.data)
    snr                                      0x20000002   Data           1  main.o(.data)
    TagType                                  0x20000003   Data           2  main.o(.data)
    SelectedSnr                              0x20000005   Data           4  main.o(.data)
    DefaultKey                               0x20000009   Data           6  main.o(.data)
    RC522_dev                                0x20000010   Data          24  rc522.o(.data)
    WF_Full_1IN54                            0x20000028   Data         159  epd_1in54_v2.o(.data)
    WF_PARTIAL_1IN54_0                       0x200000c7   Data         159  epd_1in54_v2.o(.data)
    uwTickFreq                               0x20000168   Data           1  stm32l0xx_hal.o(.data)
    uwTickPrio                               0x2000016c   Data           4  stm32l0xx_hal.o(.data)
    uwTick                                   0x20000170   Data           4  stm32l0xx_hal.o(.data)
    SystemCoreClock                          0x20000174   Data           4  system_stm32l0xx.o(.data)
    __stdout                                 0x20000178   Data           4  stdout.o(.data)
    __microlib_freelist                      0x2000017c   Data           4  mvars.o(.data)
    __microlib_freelist_initialised          0x20000180   Data           4  mvars.o(.data)
    hspi1                                    0x20000184   Data          88  spi.o(.bss)
    pFlash                                   0x200001dc   Data          24  stm32l0xx_hal_flash.o(.bss)
    __heap_base                              0x200001f8   Data           0  startup_stm32l051xx.o(HEAP)
    __heap_limit                             0x200003f8   Data           0  startup_stm32l051xx.o(HEAP)
    __initial_sp                             0x200007f8   Data           0  startup_stm32l051xx.o(STACK)



==============================================================================

Memory Map of the image

  Image Entry point : 0x080000c1

  Load Region LR_IROM1 (Base: 0x08000000, Size: 0x00003a2c, Max: 0x00010000, ABSOLUTE, COMPRESSED[0x00003900])

    Execution Region ER_IROM1 (Exec base: 0x08000000, Load base: 0x08000000, Size: 0x000038a8, Max: 0x00010000, ABSOLUTE)

    Exec Addr    Load Addr    Size         Type   Attr      Idx    E Section Name        Object

    0x08000000   0x08000000   0x000000c0   Data   RO            3    RESET               startup_stm32l051xx.o
    0x080000c0   0x080000c0   0x00000000   Code   RO         2763  * .ARM.Collect$$$$00000000  mc_p.l(entry.o)
    0x080000c0   0x080000c0   0x00000004   Code   RO         3066    .ARM.Collect$$$$00000001  mc_p.l(entry2.o)
    0x080000c4   0x080000c4   0x00000004   Code   RO         3069    .ARM.Collect$$$$00000004  mc_p.l(entry5.o)
    0x080000c8   0x080000c8   0x00000000   Code   RO         3071    .ARM.Collect$$$$00000008  mc_p.l(entry7b.o)
    0x080000c8   0x080000c8   0x00000000   Code   RO         3073    .ARM.Collect$$$$0000000A  mc_p.l(entry8b.o)
    0x080000c8   0x080000c8   0x00000008   Code   RO         3074    .ARM.Collect$$$$0000000B  mc_p.l(entry9a.o)
    0x080000d0   0x080000d0   0x00000004   Code   RO         3081    .ARM.Collect$$$$0000000E  mc_p.l(entry12b.o)
    0x080000d4   0x080000d4   0x00000000   Code   RO         3076    .ARM.Collect$$$$0000000F  mc_p.l(entry10a.o)
    0x080000d4   0x080000d4   0x00000000   Code   RO         3078    .ARM.Collect$$$$00000011  mc_p.l(entry11a.o)
    0x080000d4   0x080000d4   0x00000004   Code   RO         3067    .ARM.Collect$$$$00002712  mc_p.l(entry2.o)
    0x080000d8   0x080000d8   0x0000001c   Code   RO            4    .text               startup_stm32l051xx.o
    0x080000f4   0x080000f4   0x0000002c   Code   RO         2766    .text               mc_p.l(uidiv.o)
    0x08000120   0x08000120   0x00000060   Code   RO         2768    .text               mc_p.l(uldiv.o)
    0x08000180   0x08000180   0x00000024   Code   RO         2770    .text               mc_p.l(memcpya.o)
    0x080001a4   0x080001a4   0x00000024   Code   RO         2772    .text               mc_p.l(memseta.o)
    0x080001c8   0x080001c8   0x0000001a   Code   RO         2774    .text               mc_p.l(memcmp.o)
    0x080001e2   0x080001e2   0x00000020   Code   RO         3083    .text               mc_p.l(llshl.o)
    0x08000202   0x08000202   0x00000022   Code   RO         3085    .text               mc_p.l(llushr.o)
    0x08000224   0x08000224   0x00000024   Code   RO         3100    .text               mc_p.l(init.o)
    0x08000248   0x08000248   0x00000056   Code   RO         3116    .text               mc_p.l(__dczerorl2.o)
    0x0800029e   0x0800029e   0x00000062   Code   RO          385    i.CalculateCRC      rc522.o
    0x08000300   0x08000300   0x00000016   Code   RO          386    i.ClearBitMask      rc522.o
    0x08000316   0x08000316   0x00000002   PAD
    0x08000318   0x08000318   0x0000002c   Code   RO          708    i.DEV_Module_Exit   dev_config.o
    0x08000344   0x08000344   0x0000002c   Code   RO          709    i.DEV_Module_Init   dev_config.o
    0x08000370   0x08000370   0x00000018   Code   RO          710    i.DEV_SPI_WriteByte  dev_config.o
    0x08000388   0x08000388   0x00000020   Code   RO          309    i.EEPROM_READ       eeprom.o
    0x080003a8   0x080003a8   0x00000070   Code   RO          310    i.EEPROM_Read_W_CHECK  eeprom.o
    0x08000418   0x08000418   0x00000034   Code   RO          311    i.EEPROM_WRITE      eeprom.o
    0x0800044c   0x0800044c   0x0000004e   Code   RO          312    i.EEPROM_Write_W_CHECK  eeprom.o
    0x0800049a   0x0800049a   0x0000004c   Code   RO          588    i.EPD_1IN54_V2_Clear  epd_1in54_v2.o
    0x080004e6   0x080004e6   0x0000003c   Code   RO          589    i.EPD_1IN54_V2_Display  epd_1in54_v2.o
    0x08000522   0x08000522   0x00000002   PAD
    0x08000524   0x08000524   0x00000088   Code   RO          592    i.EPD_1IN54_V2_Init  epd_1in54_v2.o
    0x080005ac   0x080005ac   0x0000007c   Code   RO          593    i.EPD_1IN54_V2_Init_Partial  epd_1in54_v2.o
    0x08000628   0x08000628   0x00000064   Code   RO          594    i.EPD_1IN54_V2_ReadBusy  epd_1in54_v2.o
    0x0800068c   0x0800068c   0x0000003c   Code   RO          595    i.EPD_1IN54_V2_Reset  epd_1in54_v2.o
    0x080006c8   0x080006c8   0x00000034   Code   RO          596    i.EPD_1IN54_V2_SendCommand  epd_1in54_v2.o
    0x080006fc   0x080006fc   0x00000034   Code   RO          597    i.EPD_1IN54_V2_SendData  epd_1in54_v2.o
    0x08000730   0x08000730   0x00000026   Code   RO          598    i.EPD_1IN54_V2_SetCursor  epd_1in54_v2.o
    0x08000756   0x08000756   0x0000005e   Code   RO          599    i.EPD_1IN54_V2_SetLut  epd_1in54_v2.o
    0x080007b4   0x080007b4   0x00000040   Code   RO          600    i.EPD_1IN54_V2_SetWindows  epd_1in54_v2.o
    0x080007f4   0x080007f4   0x00000016   Code   RO          601    i.EPD_1IN54_V2_Sleep  epd_1in54_v2.o
    0x0800080a   0x0800080a   0x0000001a   Code   RO          602    i.EPD_1IN54_V2_TurnOnDisplay  epd_1in54_v2.o
    0x08000824   0x08000824   0x0000001a   Code   RO          603    i.EPD_1IN54_V2_TurnOnDisplayPart  epd_1in54_v2.o
    0x0800083e   0x0800083e   0x00000004   Code   RO           12    i.Error_Handler     main.o
    0x08000842   0x08000842   0x00000002   PAD
    0x08000844   0x08000844   0x00000090   Code   RO         1987    i.FLASH_SetErrorCode  stm32l0xx_hal_flash.o
    0x080008d4   0x080008d4   0x00000070   Code   RO         1988    i.FLASH_WaitForLastOperation  stm32l0xx_hal_flash.o
    0x08000944   0x08000944   0x00000024   Code   RO         1068    i.HAL_Delay         stm32l0xx_hal.o
    0x08000968   0x08000968   0x00000014   Code   RO         2094    i.HAL_FLASHEx_DATAEEPROM_Lock  stm32l0xx_hal_flash_ex.o
    0x0800097c   0x0800097c   0x00000058   Code   RO         2095    i.HAL_FLASHEx_DATAEEPROM_Program  stm32l0xx_hal_flash_ex.o
    0x080009d4   0x080009d4   0x00000034   Code   RO         2096    i.HAL_FLASHEx_DATAEEPROM_Unlock  stm32l0xx_hal_flash_ex.o
    0x08000a08   0x08000a08   0x000001b0   Code   RO         2199    i.HAL_GPIO_Init     stm32l0xx_hal_gpio.o
    0x08000bb8   0x08000bb8   0x0000000a   Code   RO         2201    i.HAL_GPIO_ReadPin  stm32l0xx_hal_gpio.o
    0x08000bc2   0x08000bc2   0x0000000c   Code   RO         2203    i.HAL_GPIO_WritePin  stm32l0xx_hal_gpio.o
    0x08000bce   0x08000bce   0x00000002   PAD
    0x08000bd0   0x08000bd0   0x0000000c   Code   RO         1072    i.HAL_GetTick       stm32l0xx_hal.o
    0x08000bdc   0x08000bdc   0x00000010   Code   RO         1078    i.HAL_IncTick       stm32l0xx_hal.o
    0x08000bec   0x08000bec   0x00000028   Code   RO         1079    i.HAL_Init          stm32l0xx_hal.o
    0x08000c14   0x08000c14   0x00000044   Code   RO         1080    i.HAL_InitTick      stm32l0xx_hal.o
    0x08000c58   0x08000c58   0x00000048   Code   RO          288    i.HAL_MspInit       stm32l0xx_hal_msp.o
    0x08000ca0   0x08000ca0   0x00000018   Code   RO         2528    i.HAL_NVIC_EnableIRQ  stm32l0xx_hal_cortex.o
    0x08000cb8   0x08000cb8   0x00000008   Code   RO         2532    i.HAL_NVIC_SetPriority  stm32l0xx_hal_cortex.o
    0x08000cc0   0x08000cc0   0x00000068   Code   RO         2351    i.HAL_PWR_ConfigPVD  stm32l0xx_hal_pwr.o
    0x08000d28   0x08000d28   0x00000010   Code   RO         2359    i.HAL_PWR_EnablePVD  stm32l0xx_hal_pwr.o
    0x08000d38   0x08000d38   0x00000002   Code   RO         2366    i.HAL_PWR_PVDCallback  stm32l0xx_hal_pwr.o
    0x08000d3a   0x08000d3a   0x00000002   PAD
    0x08000d3c   0x08000d3c   0x0000001c   Code   RO         2367    i.HAL_PWR_PVD_IRQHandler  stm32l0xx_hal_pwr.o
    0x08000d58   0x08000d58   0x0000019c   Code   RO         1784    i.HAL_RCC_ClockConfig  stm32l0xx_hal_rcc.o
    0x08000ef4   0x08000ef4   0x00000078   Code   RO         1792    i.HAL_RCC_GetSysClockFreq  stm32l0xx_hal_rcc.o
    0x08000f6c   0x08000f6c   0x00000426   Code   RO         1795    i.HAL_RCC_OscConfig  stm32l0xx_hal_rcc.o
    0x08001392   0x08001392   0x000000b6   Code   RO          752    i.HAL_SPI_Init      stm32l0xx_hal_spi.o
    0x08001448   0x08001448   0x00000058   Code   RO          198    i.HAL_SPI_MspInit   spi.o
    0x080014a0   0x080014a0   0x00000160   Code   RO          760    i.HAL_SPI_Transmit  stm32l0xx_hal_spi.o
    0x08001600   0x08001600   0x00000030   Code   RO         2536    i.HAL_SYSTICK_Config  stm32l0xx_hal_cortex.o
    0x08001630   0x08001630   0x00000002   Code   RO          235    i.HardFault_Handler  stm32l0xx_it.o
    0x08001632   0x08001632   0x00000002   PAD
    0x08001634   0x08001634   0x00000088   Code   RO          358    i.KeyScan           key.o
    0x080016bc   0x080016bc   0x0000008c   Code   RO          177    i.MX_GPIO_Init      gpio.o
    0x08001748   0x08001748   0x00000040   Code   RO          199    i.MX_SPI1_Init      spi.o
    0x08001788   0x08001788   0x00000002   Code   RO          236    i.NMI_Handler       stm32l0xx_it.o
    0x0800178a   0x0800178a   0x00000008   Code   RO          237    i.PVD_IRQHandler    stm32l0xx_it.o
    0x08001792   0x08001792   0x00000068   Code   RO          389    i.PcdAnticoll       rc522.o
    0x080017fa   0x080017fa   0x00000050   Code   RO          390    i.PcdAuthState      rc522.o
    0x0800184a   0x0800184a   0x00000118   Code   RO          391    i.PcdComMF522       rc522.o
    0x08001962   0x08001962   0x0000004a   Code   RO          393    i.PcdRead           rc522.o
    0x080019ac   0x080019ac   0x00000052   Code   RO          394    i.PcdRequest        rc522.o
    0x080019fe   0x080019fe   0x00000062   Code   RO          395    i.PcdSelect         rc522.o
    0x08001a60   0x08001a60   0x00000082   Code   RO          396    i.PcdWrite          rc522.o
    0x08001ae2   0x08001ae2   0x00000002   Code   RO          238    i.PendSV_Handler    stm32l0xx_it.o
    0x08001ae4   0x08001ae4   0x00000094   Code   RO          397    i.RC522_Init        rc522.o
    0x08001b78   0x08001b78   0x00000034   Code   RO          398    i.RC522_Port_Init   rc522.o
    0x08001bac   0x08001bac   0x00000012   Code   RO          399    i.RC522_PowerOff    rc522.o
    0x08001bbe   0x08001bbe   0x00000002   PAD
    0x08001bc0   0x08001bc0   0x00000014   Code   RO          400    i.RC522_ReadReg     rc522.o
    0x08001bd4   0x08001bd4   0x00000014   Code   RO          401    i.RC522_WriteReg    rc522.o
    0x08001be8   0x08001be8   0x00000048   Code   RO          402    i.RST_Pin_Init      rc522.o
    0x08001c30   0x08001c30   0x00000014   Code   RO          522    i.SPI_CS_SET        soft_spi.o
    0x08001c44   0x08001c44   0x00000060   Code   RO          790    i.SPI_EndRxTxTransaction  stm32l0xx_hal_spi.o
    0x08001ca4   0x08001ca4   0x0000007c   Code   RO          523    i.SPI_GpioInit      soft_spi.o
    0x08001d20   0x08001d20   0x00000012   Code   RO          524    i.SPI_MISO_Read     soft_spi.o
    0x08001d32   0x08001d32   0x00000014   Code   RO          525    i.SPI_MOSI_SET      soft_spi.o
    0x08001d46   0x08001d46   0x0000008c   Code   RO          526    i.SPI_ReadByte      soft_spi.o
    0x08001dd2   0x08001dd2   0x00000014   Code   RO          527    i.SPI_SCLK_SET      soft_spi.o
    0x08001de6   0x08001de6   0x00000002   PAD
    0x08001de8   0x08001de8   0x000000b8   Code   RO          795    i.SPI_WaitFlagStateUntilTimeout  stm32l0xx_hal_spi.o
    0x08001ea0   0x08001ea0   0x00000084   Code   RO          528    i.SPI_WriteByte     soft_spi.o
    0x08001f24   0x08001f24   0x00000002   Code   RO          239    i.SVC_Handler       stm32l0xx_it.o
    0x08001f26   0x08001f26   0x00000016   Code   RO          403    i.SetBitMask        rc522.o
    0x08001f3c   0x08001f3c   0x00000008   Code   RO          240    i.SysTick_Handler   stm32l0xx_it.o
    0x08001f44   0x08001f44   0x00000068   Code   RO           13    i.SystemClock_Config  main.o
    0x08001fac   0x08001fac   0x00000002   Code   RO         2732    i.SystemInit        system_stm32l0xx.o
    0x08001fae   0x08001fae   0x0000007c   Code   RO          605    i.User_EPD_Display_Part  epd_1in54_v2.o
    0x0800202a   0x0800202a   0x00000002   PAD
    0x0800202c   0x0800202c   0x00000014   Code   RO         2779    i.__0printf$bare    mc_p.l(printfb.o)
    0x08002040   0x08002040   0x00000030   Code   RO         1869    i.__ARM_common_ll_muluu  stm32l0xx_hal_rcc.o
    0x08002070   0x08002070   0x00000044   Code   RO         2538    i.__NVIC_SetPriority  stm32l0xx_hal_cortex.o
    0x080020b4   0x080020b4   0x0000000e   Code   RO         3110    i.__scatterload_copy  mc_p.l(handlers.o)
    0x080020c2   0x080020c2   0x00000002   Code   RO         3111    i.__scatterload_null  mc_p.l(handlers.o)
    0x080020c4   0x080020c4   0x0000000e   Code   RO         3112    i.__scatterload_zeroinit  mc_p.l(handlers.o)
    0x080020d2   0x080020d2   0x0000001e   Code   RO         2786    i._printf_core      mc_p.l(printfb.o)
    0x080020f0   0x080020f0   0x00000002   Code   RO           14    i.fputc             main.o
    0x080020f2   0x080020f2   0x00000002   PAD
    0x080020f4   0x080020f4   0x00000054   Code   RO         3038    i.free              mc_p.l(malloc.o)
    0x08002148   0x08002148   0x00000038   Code   RO          359    i.key_port_init     key.o
    0x08002180   0x08002180   0x00000298   Code   RO           15    i.main              main.o
    0x08002418   0x08002418   0x0000006c   Code   RO         3039    i.malloc            mc_p.l(malloc.o)
    0x08002484   0x08002484   0x00001388   Data   RO          573    .constdata          usergui.o
    0x0800380c   0x0800380c   0x00000060   Data   RO          574    .constdata          usergui.o
    0x0800386c   0x0800386c   0x00000019   Data   RO         2733    .constdata          system_stm32l0xx.o
    0x08003885   0x08003885   0x00000003   PAD
    0x08003888   0x08003888   0x00000020   Data   RO         3108    Region$$Table       anon$$obj.o


    Execution Region RW_IRAM1 (Exec base: 0x20000000, Load base: 0x080038a8, Size: 0x000007f8, Max: 0x00002000, ABSOLUTE, COMPRESSED[0x00000058])

    Exec Addr    Load Addr    Size         Type   Attr      Idx    E Section Name        Object

    0x20000000   COMPRESSED   0x0000000f   Data   RW           16    .data               main.o
    0x2000000f   COMPRESSED   0x00000001   Data   RW          360    .data               key.o
    0x20000010   COMPRESSED   0x00000018   Data   RW          405    .data               rc522.o
    0x20000028   COMPRESSED   0x0000013e   Data   RW          606    .data               epd_1in54_v2.o
    0x20000166   COMPRESSED   0x00000002   PAD
    0x20000168   COMPRESSED   0x0000000c   Data   RW         1090    .data               stm32l0xx_hal.o
    0x20000174   COMPRESSED   0x00000004   Data   RW         2735    .data               system_stm32l0xx.o
    0x20000178   COMPRESSED   0x00000004   Data   RW         3082    .data               mc_p.l(stdout.o)
    0x2000017c   COMPRESSED   0x00000004   Data   RW         3087    .data               mc_p.l(mvars.o)
    0x20000180   COMPRESSED   0x00000004   Data   RW         3088    .data               mc_p.l(mvars.o)
    0x20000184        -       0x00000058   Zero   RW          200    .bss                spi.o
    0x200001dc        -       0x00000018   Zero   RW         2000    .bss                stm32l0xx_hal_flash.o
    0x200001f4   COMPRESSED   0x00000004   PAD
    0x200001f8        -       0x00000200   Zero   RW            2    HEAP                startup_stm32l051xx.o
    0x200003f8        -       0x00000400   Zero   RW            1    STACK               startup_stm32l051xx.o


==============================================================================

Image component sizes


      Code (inc. data)   RO Data    RW Data    ZI Data      Debug   Object Name

       112         16          0          0          0       1560   dev_config.o
       274         12          0          0          0       3566   eeprom.o
      1054         92          0        318          0      10372   epd_1in54_v2.o
       140         12          0          0          0        979   gpio.o
       192          8          0          1          0       1798   key.o
       774         20          0         15          0     266036   main.o
      1320         22          0         24          0      12742   rc522.o
       474          0          0          0          0       4695   soft_spi.o
       152         18          0          0         88       1697   spi.o
        28          8        192          0       1536        660   startup_stm32l051xx.o
       172         28          0         12          0       8837   stm32l0xx_hal.o
       148         24          0          0          0      12249   stm32l0xx_hal_cortex.o
       256         16          0          0         24       6754   stm32l0xx_hal_flash.o
       160         28          0          0          0       2331   stm32l0xx_hal_flash_ex.o
       454         30          0          0          0       2843   stm32l0xx_hal_gpio.o
        72         10          0          0          0        542   stm32l0xx_hal_msp.o
       150         20          0          0          0       2771   stm32l0xx_hal_pwr.o
      1642         66          0          0          0       4674   stm32l0xx_hal_rcc.o
       814         12          0          0          0       4914   stm32l0xx_hal_spi.o
        24          0          0          0          0       2760   stm32l0xx_it.o
         2          0         25          4          0       1255   system_stm32l0xx.o
         0          0       5096          0          0        675   usergui.o

    ----------------------------------------------------------------------
      8434        442       5348        376       1652     354710   Object Totals
         0          0         32          0          0          0   (incl. Generated)
        20          0          3          2          4          0   (incl. Padding)

    ----------------------------------------------------------------------

      Code (inc. data)   RO Data    RW Data    ZI Data      Debug   Library Member Name

        86          0          0          0          0          0   __dczerorl2.o
         0          0          0          0          0          0   entry.o
         0          0          0          0          0          0   entry10a.o
         0          0          0          0          0          0   entry11a.o
         4          0          0          0          0          0   entry12b.o
         8          4          0          0          0          0   entry2.o
         4          0          0          0          0          0   entry5.o
         0          0          0          0          0          0   entry7b.o
         0          0          0          0          0          0   entry8b.o
         8          4          0          0          0          0   entry9a.o
        30          0          0          0          0          0   handlers.o
        36          8          0          0          0         68   init.o
        32          0          0          0          0         68   llshl.o
        34          0          0          0          0         68   llushr.o
       192         20          0          0          0        144   malloc.o
        26          0          0          0          0         72   memcmp.o
        36          0          0          0          0         60   memcpya.o
        36          0          0          0          0        100   memseta.o
         0          0          0          8          0          0   mvars.o
        50          8          0          0          0        144   printfb.o
         0          0          0          4          0          0   stdout.o
        44          0          0          0          0         72   uidiv.o
        96          0          0          0          0         84   uldiv.o

    ----------------------------------------------------------------------
       722         44          0         12          0        880   Library Totals
         0          0          0          0          0          0   (incl. Padding)

    ----------------------------------------------------------------------

      Code (inc. data)   RO Data    RW Data    ZI Data      Debug   Library Name

       722         44          0         12          0        880   mc_p.l

    ----------------------------------------------------------------------
       722         44          0         12          0        880   Library Totals

    ----------------------------------------------------------------------

==============================================================================


      Code (inc. data)   RO Data    RW Data    ZI Data      Debug   

      9156        486       5348        388       1652     351546   Grand Totals
      9156        486       5348         88       1652     351546   ELF Image Totals (compressed)
      9156        486       5348         88          0          0   ROM Totals

==============================================================================

    Total RO  Size (Code + RO Data)                14504 (  14.16kB)
    Total RW  Size (RW Data + ZI Data)              2040 (   1.99kB)
    Total ROM Size (Code + RO Data + RW Data)      14592 (  14.25kB)

==============================================================================

